[imr-lsm ycsb-rocksdb] compaction threshold=4096 (original=16)
[imr-lsm ycsb-rocksdb] max bytes for level base=4096 (original=512)
[imr-lsm ycsb-rocksdb] max bytes for level multiplier=10 (original=10)
[imr-lsm ycsb-rocksdb] mkfs.ext4 -b 4096 /dev/mapper/imrsim 262144
[imr-lsm ycsb-rocksdb] mounted /dev/mapper/imrsim at /tmp/tmp.1buMZEjG6U
[imr-lsm ycsb-rocksdb] setup background level compaction drain time: 2 ms
/home/teresa/IMRSim/tests/imr_lsm_ycsb_rocksdb_workload_test.sh: line 908: warning: args_ref: circular name reference
/home/teresa/IMRSim/tests/imr_lsm_ycsb_rocksdb_workload_test.sh: line 908: warning: args_ref: circular name reference
/home/teresa/IMRSim/tests/imr_lsm_ycsb_rocksdb_workload_test.sh: line 908: warning: args_ref: circular name reference
/home/teresa/IMRSim/tests/imr_lsm_ycsb_rocksdb_workload_test.sh: line 908: warning: args_ref: circular name reference
/home/teresa/IMRSim/tests/imr_lsm_ycsb_rocksdb_workload_test.sh: line 908: warning: args_ref: circular name reference
/home/teresa/IMRSim/tests/imr_lsm_ycsb_rocksdb_workload_test.sh: line 908: warning: args_ref: circular name reference
[imr-lsm ycsb-rocksdb] ycsb load rocksdb workload=workloadd recordcount=100000 operationcount=100000 threads=1
java -cp /home/teresa/YCSB/rocksdb-binding/conf:/home/teresa/YCSB/conf:/home/teresa/YCSB/lib/jackson-mapper-asl-1.9.4.jar:/home/teresa/YCSB/lib/htrace-core4-4.1.0-incubating.jar:/home/teresa/YCSB/lib/jackson-core-asl-1.9.4.jar:/home/teresa/YCSB/lib/HdrHistogram-2.1.4.jar:/home/teresa/YCSB/lib/core-0.17.0.jar:/home/teresa/YCSB/rocksdb-binding/lib/rocksdbjni-5.11.3.jar:/home/teresa/YCSB/rocksdb-binding/lib/slf4j-api-1.7.25.jar:/home/teresa/YCSB/rocksdb-binding/lib/rocksdb-binding-0.17.0.jar:/home/teresa/YCSB/rocksdb-binding/lib/slf4j-simple-1.7.25.jar:/home/teresa/YCSB/rocksdb-binding/lib/jcip-annotations-1.0.jar site.ycsb.Client -db site.ycsb.db.rocksdb.RocksDBClient -s -P /home/teresa/YCSB/workloads/workloadd -p rocksdb.dir=/tmp/tmp.1buMZEjG6U/ycsb-rocksdb -p recordcount=100000 -p operationcount=100000 -p threadcount=1 -p fieldcount=10 -p fieldlength=100 -p requestdistribution=latest -load
Command line: -db site.ycsb.db.rocksdb.RocksDBClient -s -P /home/teresa/YCSB/workloads/workloadd -p rocksdb.dir=/tmp/tmp.1buMZEjG6U/ycsb-rocksdb -p recordcount=100000 -p operationcount=100000 -p threadcount=1 -p fieldcount=10 -p fieldlength=100 -p requestdistribution=latest -load
YCSB Client 0.17.0

Loading workload...
Starting test.
[Thread-3] INFO site.ycsb.db.rocksdb.RocksDBClient - RocksDB data dir: /tmp/tmp.1buMZEjG6U/ycsb-rocksdb
2026-08-31 13:05:03:320 0 sec: 0 operations; est completion in 0 second 
DBWrapper: report latency for each error is false and specific error codes to track for latency are: []
2026-08-31 13:05:04:064 0 sec: 100000 operations; 132802.12 current ops/sec; [CLEANUP: Count=1, Max=1247, Min=1247, Avg=1247, 90=1247, 99=1247, 99.9=1247, 99.99=1247] [INSERT: Count=100000, Max=18031, Min=3, Avg=5.7, 90=6, 99=15, 99.9=153, 99.99=1885] 
[OVERALL], RunTime(ms), 754
[OVERALL], Throughput(ops/sec), 132625.99469496022
[TOTAL_GCS_PS_Scavenge], Count, 9
[TOTAL_GC_TIME_PS_Scavenge], Time(ms), 16
[TOTAL_GC_TIME_%_PS_Scavenge], Time(%), 2.122015915119363
[TOTAL_GCS_PS_MarkSweep], Count, 0
[TOTAL_GC_TIME_PS_MarkSweep], Time(ms), 0
[TOTAL_GC_TIME_%_PS_MarkSweep], Time(%), 0.0
[TOTAL_GCs], Count, 9
[TOTAL_GC_TIME], Time(ms), 16
[TOTAL_GC_TIME_%], Time(%), 2.122015915119363
[CLEANUP], Operations, 1
[CLEANUP], AverageLatency(us), 1247.0
[CLEANUP], MinLatency(us), 1247
[CLEANUP], MaxLatency(us), 1247
[CLEANUP], 95thPercentileLatency(us), 1247
[CLEANUP], 99thPercentileLatency(us), 1247
[INSERT], Operations, 100000
[INSERT], AverageLatency(us), 5.70323
[INSERT], MinLatency(us), 3
[INSERT], MaxLatency(us), 18031
[INSERT], 95thPercentileLatency(us), 6
[INSERT], 99thPercentileLatency(us), 15
[INSERT], Return=OK, 100000
[imr-lsm ycsb-rocksdb] load process wall time: 868 ms
[imr-lsm ycsb-rocksdb] load DB startup/open time: 163 ms
[imr-lsm ycsb-rocksdb] load post-open operations+cleanup time: 704 ms
[imr-lsm ycsb-rocksdb] load post-open effective throughput: 142045.455 ops/sec (includes cleanup)
[imr-lsm ycsb-rocksdb] load YCSB performance summary:
  runtime                        754 ms
  throughput                     132625.99469496022 ops/sec
  last interval throughput       132802.12 ops/sec
  [INSERT]                       ops=100000 avg=5.70323 us p95=6 us
[imr-lsm ycsb-rocksdb] load final sync time: 3632 ms
[imr-lsm ycsb-rocksdb] load background level compaction drain time: 3 ms
[imr-lsm ycsb-rocksdb] load IMR-LSM counter delta:
  lsm_record_insert_count                       +29100
  read_lookup_count                             +9
  read_tree_hit_count                           +8
  read_tree_miss_count                          +1
  newest_index_size                             41388 (before=12387)
  newest_index_valid                            1 (before=1)
  newest_index_lookup_count                     +716704
  newest_index_hit_count                        +716704
  newest_index_miss_count                       +0
  newest_index_update_fail_count                +0
  newest_index_fallback_count                   +0
  unsorted_hit_count                            +0
  segment_lookup_count                          +3
  segment_skip_count                            +3
  segment_candidate_count                       +0
  segment_hit_count                             +0
  bloom_lookup_count                            +0
  bloom_negative_count                          +0
  bloom_maybe_count                             +0
  block_table_lookup_count                      +0
  block_table_hit_count                         +0
  block_table_miss_count                        +0
  level0_actual_bytes                           16928 (before=3232)
  compaction_count                              +24
  level_compaction_pending                      0 (before=0)
  level_compaction_running                      0 (before=0)
  level_compaction_work_schedule_count          +24
  level_compaction_work_run_count               +24
  level_compaction_work_round_count             +24
  level_compaction_work_requeue_count           +19
  level_compaction_work_error_count             +0
  last_level_compaction_work_error              0 (before=0)
  level_compaction_coalesced_schedule_count     +14039
  level_compaction_no_work_run_count            +0
  level_compaction_score_max                    251095 (before=99978)
  last_level_compaction_evaluated_score         129 (before=24)
  last_level_compaction_schedule_score          1000 (before=1000)
  last_level_compaction_requeue_score           1113 (before=4999)
  compaction_total_ns                           +3516478809
  compaction_max_ns                             924003311 (before=96942608)
  compaction_queue_depth                        0 (before=0)
  compaction_queue_depth_max                    1 (before=1)
  level_compaction_queue_wait_count             +24
  level_compaction_queue_wait_total_ns          +46110501
  level_compaction_queue_wait_max_ns            7741266 (before=4682)
  last_level_compaction_queue_wait_ns           81282 (before=724)
  level_compaction_work_time_count              +24
  level_compaction_work_total_ns                +3519204443
  level_compaction_work_max_ns                  924016302 (before=96943902)
  last_level_compaction_work_ns                 924016302 (before=96943902)
  level_compaction_time_count                   +24
  level_compaction_total_ns                     +3516478809
  level_compaction_max_ns                       924003311 (before=96942608)
  last_level_compaction_ns                      924003311 (before=96942608)
  level0_compaction_time_count                  +7
  level0_compaction_total_ns                    +70895190
  level0_compaction_max_ns                      12455756 (before=8134579)
  level1_compaction_time_count                  +0
  level1_compaction_total_ns                    +0
  level1_compaction_max_ns                      0 (before=0)
  level2_compaction_time_count                  +0
  level2_compaction_total_ns                    +0
  level2_compaction_max_ns                      0 (before=0)
  level3_compaction_time_count                  +6
  level3_compaction_total_ns                    +415114611
  level3_compaction_max_ns                      124941695 (before=0)
  level4_compaction_time_count                  +6
  level4_compaction_total_ns                    +492108765
  level4_compaction_max_ns                      208421299 (before=27793435)
  level5_compaction_time_count                  +5
  level5_compaction_total_ns                    +2538360243
  level5_compaction_max_ns                      924003311 (before=96942608)
  level6_compaction_time_count                  +0
  level6_compaction_total_ns                    +0
  level6_compaction_max_ns                      0 (before=0)
  level_compaction_zone_lock_wait_count         +24
  level_compaction_zone_lock_wait_total_ns      +2512430
  level_compaction_zone_lock_wait_max_ns        2450914 (before=3087)
  level_compaction_lsm_lock_wait_count          +24
  level_compaction_lsm_lock_wait_total_ns       +699
  level_compaction_lsm_lock_wait_max_ns         57 (before=51)
  level_compaction_zone_lock_hold_count         +24
  level_compaction_zone_lock_hold_total_ns      +3516506649
  level_compaction_zone_lock_hold_max_ns        924004536 (before=96943677)
  last_level_compaction_zone_lock_hold_ns       924004536 (before=96943677)
  level_compaction_lsm_lock_hold_count          +24
  level_compaction_lsm_lock_hold_total_ns       +3516502639
  level_compaction_lsm_lock_hold_max_ns         924004374 (before=96943474)
  last_level_compaction_lsm_lock_hold_ns        924004374 (before=96943474)
  level_compaction_post_round_count             +24
  level_compaction_post_round_total_ns          +15549
  level_compaction_post_round_max_ns            1445 (before=636)
  last_level_compaction_post_round_ns           499 (before=636)
  level_compaction_post_recalc_count            +0
  level_compaction_post_recalc_total_ns         +0
  level_compaction_post_recalc_max_ns           0 (before=0)
  last_level_compaction_post_recalc_ns          0 (before=0)
  invalid_recalc_count                          +24
  invalid_recalc_total_ns                       +35645649
  invalid_recalc_max_ns                         4435275 (before=467026)
  last_invalid_recalc_ns                        1628880 (before=467026)
  invalid_recalc_segments_scanned_total         +468
  invalid_recalc_segments_scanned_max           31 (before=7)
  last_invalid_recalc_segments                  31 (before=7)
  invalid_recalc_entries_scanned_total          +716704
  invalid_recalc_entries_scanned_max            40956 (before=12288)
  last_invalid_recalc_entries                   40956 (before=12288)
  level_compaction_input_entries_total          +110584
  level_compaction_input_entries_max            8192 (before=4096)
  last_level_compaction_input_entries           4096 (before=4096)
  level_compaction_output_entries_total         +110580
  level_compaction_output_entries_max           8192 (before=4096)
  last_level_compaction_output_entries          4096 (before=4096)
  foreground_zone_lock_wait_count               +29110
  foreground_zone_lock_wait_total_ns            +3449718259
  foreground_zone_lock_wait_max_ns              1046291768 (before=131169878)
  foreground_lsm_lock_wait_count                +87309
  foreground_lsm_lock_wait_total_ns             +1958694
  foreground_lsm_lock_wait_max_ns               12339 (before=484)
  imr_lsm_lock_wait_count                       +87333
  imr_lsm_lock_wait_total_ns                    +1959393
  imr_lsm_lock_wait_max_ns                      12339 (before=484)
  flush_bio_count                               +0
  incoming_fua_write_count                      +0
  fua_write_count                               +652
  internal_flush_fua_write_count                +652
  internal_flush_fua_write_total_ns             +49619930
  internal_flush_fua_write_max_ns               7948550 (before=242969)
  last_internal_flush_fua_write_ns              35587 (before=159710)
  internal_rmw_fua_write_count                  +0
  partial_io_count                              +1
  partial_read_count                            +1
  partial_rmw_count                             +0
  partial_io_queue_wait_count                   +1
  partial_io_queue_wait_total_ns                +3407
  partial_io_queue_wait_max_ns                  21645 (before=21645)
  partial_io_total_ns                           +722
  partial_io_max_ns                             95036 (before=95036)
  last_partial_io_ns                            722 (before=95036)
  partial_rmw_total_ns                          +0
  partial_rmw_max_ns                            0 (before=0)
  last_partial_rmw_ns                           0 (before=0)
  legacy_rmw_count                              +0
  legacy_rmw_total_ns                           +0
  legacy_rmw_max_ns                             0 (before=0)
  last_legacy_rmw_ns                            0 (before=0)
  metadata_compaction_input_bytes               +3538688
  metadata_compaction_output_bytes              +3538560
  segment_compaction_execute_count              +0
  zone_compaction_count                         +0
  delete_count                                  +0
  discard_delete_count                          +0
  tombstone_hit_count                           +0
  fallback_count                                +0
  segment_output_physical_copy_entry_count      +0
  level0_compaction_input_entries_total         +28672
  level0_compaction_input_entries_max           4096 (before=4096)
  level0_compaction_output_entries_total        +28668
  level0_compaction_output_entries_max          4096 (before=4096)
  level1_compaction_input_entries_total         +0
  level1_compaction_input_entries_max           0 (before=0)
  level1_compaction_output_entries_total        +0
  level1_compaction_output_entries_max          0 (before=0)
  level2_compaction_input_entries_total         +0
  level2_compaction_input_entries_max           0 (before=0)
  level2_compaction_output_entries_total        +0
  level2_compaction_output_entries_max          0 (before=0)
  level3_compaction_input_entries_total         +24576
  level3_compaction_input_entries_max           4096 (before=0)
  level3_compaction_output_entries_total        +24576
  level3_compaction_output_entries_max          4096 (before=0)
  level4_compaction_input_entries_total         +28668
  level4_compaction_input_entries_max           8192 (before=4096)
  level4_compaction_output_entries_total        +28668
  level4_compaction_output_entries_max          8192 (before=4096)
  level5_compaction_input_entries_total         +28668
  level5_compaction_input_entries_max           8192 (before=4096)
  level5_compaction_output_entries_total        +28668
  level5_compaction_output_entries_max          8192 (before=4096)
  level6_compaction_input_entries_total         +0
  level6_compaction_input_entries_max           0 (before=0)
  level6_compaction_output_entries_total        +0
  level6_compaction_output_entries_max          0 (before=0)
/home/teresa/IMRSim/tests/imr_lsm_ycsb_rocksdb_workload_test.sh: line 908: warning: args_ref: circular name reference
/home/teresa/IMRSim/tests/imr_lsm_ycsb_rocksdb_workload_test.sh: line 908: warning: args_ref: circular name reference
/home/teresa/IMRSim/tests/imr_lsm_ycsb_rocksdb_workload_test.sh: line 908: warning: args_ref: circular name reference
/home/teresa/IMRSim/tests/imr_lsm_ycsb_rocksdb_workload_test.sh: line 908: warning: args_ref: circular name reference
/home/teresa/IMRSim/tests/imr_lsm_ycsb_rocksdb_workload_test.sh: line 908: warning: args_ref: circular name reference
/home/teresa/IMRSim/tests/imr_lsm_ycsb_rocksdb_workload_test.sh: line 908: warning: args_ref: circular name reference
[imr-lsm ycsb-rocksdb] ycsb run rocksdb workload=workloadd recordcount=100000 operationcount=100000 threads=1
java -cp /home/teresa/YCSB/rocksdb-binding/conf:/home/teresa/YCSB/conf:/home/teresa/YCSB/lib/jackson-mapper-asl-1.9.4.jar:/home/teresa/YCSB/lib/htrace-core4-4.1.0-incubating.jar:/home/teresa/YCSB/lib/jackson-core-asl-1.9.4.jar:/home/teresa/YCSB/lib/HdrHistogram-2.1.4.jar:/home/teresa/YCSB/lib/core-0.17.0.jar:/home/teresa/YCSB/rocksdb-binding/lib/rocksdbjni-5.11.3.jar:/home/teresa/YCSB/rocksdb-binding/lib/slf4j-api-1.7.25.jar:/home/teresa/YCSB/rocksdb-binding/lib/rocksdb-binding-0.17.0.jar:/home/teresa/YCSB/rocksdb-binding/lib/slf4j-simple-1.7.25.jar:/home/teresa/YCSB/rocksdb-binding/lib/jcip-annotations-1.0.jar site.ycsb.Client -db site.ycsb.db.rocksdb.RocksDBClient -s -P /home/teresa/YCSB/workloads/workloadd -p rocksdb.dir=/tmp/tmp.1buMZEjG6U/ycsb-rocksdb -p recordcount=100000 -p operationcount=100000 -p threadcount=1 -p fieldcount=10 -p fieldlength=100 -p requestdistribution=latest -t
Command line: -db site.ycsb.db.rocksdb.RocksDBClient -s -P /home/teresa/YCSB/workloads/workloadd -p rocksdb.dir=/tmp/tmp.1buMZEjG6U/ycsb-rocksdb -p recordcount=100000 -p operationcount=100000 -p threadcount=1 -p fieldcount=10 -p fieldlength=100 -p requestdistribution=latest -t
YCSB Client 0.17.0

Loading workload...
Starting test.
[Thread-3] INFO site.ycsb.db.rocksdb.RocksDBClient - RocksDB data dir: /tmp/tmp.1buMZEjG6U/ycsb-rocksdb
2026-08-31 13:05:08:246 0 sec: 0 operations; est completion in 0 second 
DBWrapper: report latency for each error is false and specific error codes to track for latency are: []
2026-08-31 13:05:15:702 7 sec: 100000 operations; 13395.85 current ops/sec; [READ: Count=94927, Max=2427, Min=0, Avg=2.69, 90=7, 99=9, 99.9=28, 99.99=433] [CLEANUP: Count=1, Max=1344, Min=1344, Avg=1344, 90=1344, 99=1344, 99.9=1344, 99.99=1344] [INSERT: Count=5073, Max=741, Min=3, Avg=6.34, 90=8, 99=29, 99.9=173, 99.99=577] 
[OVERALL], RunTime(ms), 7470
[OVERALL], Throughput(ops/sec), 13386.880856760376
[TOTAL_GCS_PS_Scavenge], Count, 8
[TOTAL_GC_TIME_PS_Scavenge], Time(ms), 16
[TOTAL_GC_TIME_%_PS_Scavenge], Time(%), 0.214190093708166
[TOTAL_GCS_PS_MarkSweep], Count, 0
[TOTAL_GC_TIME_PS_MarkSweep], Time(ms), 0
[TOTAL_GC_TIME_%_PS_MarkSweep], Time(%), 0.0
[TOTAL_GCs], Count, 8
[TOTAL_GC_TIME], Time(ms), 16
[TOTAL_GC_TIME_%], Time(%), 0.214190093708166
[READ], Operations, 94927
[READ], AverageLatency(us), 2.6874756391753665
[READ], MinLatency(us), 0
[READ], MaxLatency(us), 2427
[READ], 95thPercentileLatency(us), 7
[READ], 99thPercentileLatency(us), 9
[READ], Return=OK, 94927
[CLEANUP], Operations, 1
[CLEANUP], AverageLatency(us), 1344.0
[CLEANUP], MinLatency(us), 1344
[CLEANUP], MaxLatency(us), 1344
[CLEANUP], 95thPercentileLatency(us), 1344
[CLEANUP], 99thPercentileLatency(us), 1344
[INSERT], Operations, 5073
[INSERT], AverageLatency(us), 6.340429726000394
[INSERT], MinLatency(us), 3
[INSERT], MaxLatency(us), 741
[INSERT], 95thPercentileLatency(us), 10
[INSERT], 99thPercentileLatency(us), 29
[INSERT], Return=OK, 5073
[imr-lsm ycsb-rocksdb] run process wall time: 7584 ms
[imr-lsm ycsb-rocksdb] run DB startup/open time: 7149 ms
[imr-lsm ycsb-rocksdb] run post-open operations+cleanup time: 434 ms
[imr-lsm ycsb-rocksdb] run post-open effective throughput: 230414.747 ops/sec (includes cleanup)
[imr-lsm ycsb-rocksdb] run YCSB performance summary:
  runtime                        7470 ms
  throughput                     13386.880856760376 ops/sec
  last interval throughput       13395.85 ops/sec
  [READ]                         ops=94927 avg=2.68748 us p95=7 us
  [INSERT]                       ops=5073 avg=6.34043 us p95=10 us
[imr-lsm ycsb-rocksdb] run final sync time: 9 ms
[imr-lsm ycsb-rocksdb] run background level compaction drain time: 2 ms
[imr-lsm ycsb-rocksdb] run IMR-LSM counter delta:
  lsm_record_insert_count                       +30356
  read_lookup_count                             +1
  read_tree_hit_count                           +0
  read_tree_miss_count                          +1
  newest_index_size                             71667 (before=41388)
  newest_index_valid                            1 (before=1)
  newest_index_lookup_count                     +1216428
  newest_index_hit_count                        +1216428
  newest_index_miss_count                       +0
  newest_index_update_fail_count                +0
  newest_index_fallback_count                   +0
  unsorted_hit_count                            +0
  segment_lookup_count                          +12
  segment_skip_count                            +9
  segment_candidate_count                       +3
  segment_hit_count                             +1
  bloom_lookup_count                            +3
  bloom_negative_count                          +2
  bloom_maybe_count                             +1
  block_table_lookup_count                      +1
  block_table_hit_count                         +1
  block_table_miss_count                        +0
  level0_actual_bytes                           70816 (before=16928)
  compaction_count                              +21
  level_compaction_pending                      0 (before=0)
  level_compaction_running                      0 (before=0)
  level_compaction_work_schedule_count          +21
  level_compaction_work_run_count               +22
  level_compaction_work_round_count             +21
  level_compaction_work_requeue_count           +17
  level_compaction_work_error_count             +0
  last_level_compaction_work_error              0 (before=0)
  level_compaction_coalesced_schedule_count     +12322
  level_compaction_no_work_run_count            +1
  level_compaction_score_max                    251095 (before=251095)
  last_level_compaction_evaluated_score         626 (before=129)
  last_level_compaction_schedule_score          1000 (before=1000)
  last_level_compaction_requeue_score           6261 (before=1113)
  compaction_total_ns                           +6530677319
  compaction_max_ns                             2691042699 (before=924003311)
  compaction_queue_depth                        0 (before=0)
  compaction_queue_depth_max                    1 (before=1)
  level_compaction_queue_wait_count             +21
  level_compaction_queue_wait_total_ns          +36456092
  level_compaction_queue_wait_max_ns            12049324 (before=7741266)
  last_level_compaction_queue_wait_ns           12102 (before=81282)
  level_compaction_work_time_count              +22
  level_compaction_work_total_ns                +6536298507
  level_compaction_work_max_ns                  2691055218 (before=924016302)
  last_level_compaction_work_ns                 22093136 (before=924016302)
  level_compaction_time_count                   +21
  level_compaction_total_ns                     +6530677319
  level_compaction_max_ns                       2691042699 (before=924003311)
  last_level_compaction_ns                      22078885 (before=924003311)
  level0_compaction_time_count                  +7
  level0_compaction_total_ns                    +109739135
  level0_compaction_max_ns                      44606047 (before=12455756)
  level1_compaction_time_count                  +0
  level1_compaction_total_ns                    +0
  level1_compaction_max_ns                      0 (before=0)
  level2_compaction_time_count                  +0
  level2_compaction_total_ns                    +0
  level2_compaction_max_ns                      0 (before=0)
  level3_compaction_time_count                  +6
  level3_compaction_total_ns                    +327517762
  level3_compaction_max_ns                      169310745 (before=124941695)
  level4_compaction_time_count                  +5
  level4_compaction_total_ns                    +314066863
  level4_compaction_max_ns                      208421299 (before=208421299)
  level5_compaction_time_count                  +3
  level5_compaction_total_ns                    +5779353559
  level5_compaction_max_ns                      2691042699 (before=924003311)
  level6_compaction_time_count                  +0
  level6_compaction_total_ns                    +0
  level6_compaction_max_ns                      0 (before=0)
  level_compaction_zone_lock_wait_count         +22
  level_compaction_zone_lock_wait_total_ns      +5444946
  level_compaction_zone_lock_wait_max_ns        5423384 (before=2450914)
  level_compaction_lsm_lock_wait_count          +22
  level_compaction_lsm_lock_wait_total_ns       +633
  level_compaction_lsm_lock_wait_max_ns         57 (before=57)
  level_compaction_zone_lock_hold_count         +22
  level_compaction_zone_lock_hold_total_ns      +6530695569
  level_compaction_zone_lock_hold_max_ns        2691043526 (before=924004536)
  last_level_compaction_zone_lock_hold_ns       22079692 (before=924004536)
  level_compaction_lsm_lock_hold_count          +22
  level_compaction_lsm_lock_hold_total_ns       +6530692084
  level_compaction_lsm_lock_hold_max_ns         2691043286 (before=924004374)
  last_level_compaction_lsm_lock_hold_ns        22079573 (before=924004374)
  level_compaction_post_round_count             +22
  level_compaction_post_round_total_ns          +9958
  level_compaction_post_round_max_ns            1445 (before=1445)
  last_level_compaction_post_round_ns           573 (before=499)
  level_compaction_post_recalc_count            +0
  level_compaction_post_recalc_total_ns         +0
  level_compaction_post_recalc_max_ns           0 (before=0)
  last_level_compaction_post_recalc_ns          0 (before=0)
  invalid_recalc_count                          +21
  invalid_recalc_total_ns                       +52368811
  invalid_recalc_max_ns                         4435275 (before=4435275)
  last_invalid_recalc_ns                        2893161 (before=1628880)
  invalid_recalc_segments_scanned_total         +882
  invalid_recalc_segments_scanned_max           52 (before=31)
  last_invalid_recalc_segments                  52 (before=31)
  invalid_recalc_entries_scanned_total          +1216428
  invalid_recalc_entries_scanned_max            69628 (before=40956)
  last_invalid_recalc_entries                   69628 (before=40956)
  level_compaction_input_entries_total          +110592
  level_compaction_input_entries_max            12288 (before=8192)
  last_level_compaction_input_entries           4096 (before=4096)
  level_compaction_output_entries_total         +110592
  level_compaction_output_entries_max           12288 (before=8192)
  last_level_compaction_output_entries          4096 (before=4096)
  foreground_zone_lock_wait_count               +30357
  foreground_zone_lock_wait_total_ns            +6485142262
  foreground_zone_lock_wait_max_ns              3094239381 (before=1046291768)
  foreground_lsm_lock_wait_count                +91069
  foreground_lsm_lock_wait_total_ns             +2375623
  foreground_lsm_lock_wait_max_ns               23635 (before=12339)
  imr_lsm_lock_wait_count                       +91091
  imr_lsm_lock_wait_total_ns                    +2376256
  imr_lsm_lock_wait_max_ns                      23635 (before=12339)
  flush_bio_count                               +0
  incoming_fua_write_count                      +0
  fua_write_count                               +363
  internal_flush_fua_write_count                +363
  internal_flush_fua_write_total_ns             +31839536
  internal_flush_fua_write_max_ns               8454513 (before=7948550)
  last_internal_flush_fua_write_ns              36783 (before=35587)
  internal_rmw_fua_write_count                  +0
  partial_io_count                              +0
  partial_read_count                            +0
  partial_rmw_count                             +0
  partial_io_queue_wait_count                   +0
  partial_io_queue_wait_total_ns                +0
  partial_io_queue_wait_max_ns                  21645 (before=21645)
  partial_io_total_ns                           +0
  partial_io_max_ns                             95036 (before=95036)
  last_partial_io_ns                            722 (before=722)
  partial_rmw_total_ns                          +0
  partial_rmw_max_ns                            0 (before=0)
  last_partial_rmw_ns                           0 (before=0)
  legacy_rmw_count                              +0
  legacy_rmw_total_ns                           +0
  legacy_rmw_max_ns                             0 (before=0)
  last_legacy_rmw_ns                            0 (before=0)
  metadata_compaction_input_bytes               +3538944
  metadata_compaction_output_bytes              +3538944
  segment_compaction_execute_count              +0
  zone_compaction_count                         +0
  delete_count                                  +0
  discard_delete_count                          +0
  tombstone_hit_count                           +0
  fallback_count                                +0
  segment_output_physical_copy_entry_count      +0
  level0_compaction_input_entries_total         +28672
  level0_compaction_input_entries_max           4096 (before=4096)
  level0_compaction_output_entries_total        +28672
  level0_compaction_output_entries_max          4096 (before=4096)
  level1_compaction_input_entries_total         +0
  level1_compaction_input_entries_max           0 (before=0)
  level1_compaction_output_entries_total        +0
  level1_compaction_output_entries_max          0 (before=0)
  level2_compaction_input_entries_total         +0
  level2_compaction_input_entries_max           0 (before=0)
  level2_compaction_output_entries_total        +0
  level2_compaction_output_entries_max          0 (before=0)
  level3_compaction_input_entries_total         +28672
  level3_compaction_input_entries_max           8192 (before=4096)
  level3_compaction_output_entries_total        +28672
  level3_compaction_output_entries_max          8192 (before=4096)
  level4_compaction_input_entries_total         +28672
  level4_compaction_input_entries_max           12288 (before=8192)
  level4_compaction_output_entries_total        +28672
  level4_compaction_output_entries_max          12288 (before=8192)
  level5_compaction_input_entries_total         +24576
  level5_compaction_input_entries_max           12288 (before=8192)
  level5_compaction_output_entries_total        +24576
  level5_compaction_output_entries_max          12288 (before=8192)
  level6_compaction_input_entries_total         +0
  level6_compaction_input_entries_max           0 (before=0)
  level6_compaction_output_entries_total        +0
  level6_compaction_output_entries_max          0 (before=0)
[imr-lsm ycsb-rocksdb] PASS: YCSB over RocksDB workload completed
[imr-lsm ycsb-rocksdb] persisted test artifacts to /var/tmp/imr-lsm-ycsb-a-f-100k-rerun1/workloadd/run-2/artifacts
