[imr-lsm ycsb-rocksdb] compaction threshold=4096 (original=16)
[imr-lsm ycsb-rocksdb] max bytes for level base=4096 (original=512)
[imr-lsm ycsb-rocksdb] max bytes for level multiplier=10 (original=10)
[imr-lsm ycsb-rocksdb] mkfs.ext4 -b 4096 /dev/mapper/imrsim 262144
[imr-lsm ycsb-rocksdb] mounted /dev/mapper/imrsim at /tmp/tmp.ndBFgGKsPR
[imr-lsm ycsb-rocksdb] setup background level compaction drain time: 2 ms
/home/teresa/IMRSim/tests/imr_lsm_ycsb_rocksdb_workload_test.sh: line 908: warning: args_ref: circular name reference
/home/teresa/IMRSim/tests/imr_lsm_ycsb_rocksdb_workload_test.sh: line 908: warning: args_ref: circular name reference
/home/teresa/IMRSim/tests/imr_lsm_ycsb_rocksdb_workload_test.sh: line 908: warning: args_ref: circular name reference
/home/teresa/IMRSim/tests/imr_lsm_ycsb_rocksdb_workload_test.sh: line 908: warning: args_ref: circular name reference
/home/teresa/IMRSim/tests/imr_lsm_ycsb_rocksdb_workload_test.sh: line 908: warning: args_ref: circular name reference
/home/teresa/IMRSim/tests/imr_lsm_ycsb_rocksdb_workload_test.sh: line 908: warning: args_ref: circular name reference
[imr-lsm ycsb-rocksdb] ycsb load rocksdb workload=workloade recordcount=100000 operationcount=100000 threads=1
java -cp /home/teresa/YCSB/rocksdb-binding/conf:/home/teresa/YCSB/conf:/home/teresa/YCSB/lib/jackson-mapper-asl-1.9.4.jar:/home/teresa/YCSB/lib/htrace-core4-4.1.0-incubating.jar:/home/teresa/YCSB/lib/jackson-core-asl-1.9.4.jar:/home/teresa/YCSB/lib/HdrHistogram-2.1.4.jar:/home/teresa/YCSB/lib/core-0.17.0.jar:/home/teresa/YCSB/rocksdb-binding/lib/rocksdbjni-5.11.3.jar:/home/teresa/YCSB/rocksdb-binding/lib/slf4j-api-1.7.25.jar:/home/teresa/YCSB/rocksdb-binding/lib/rocksdb-binding-0.17.0.jar:/home/teresa/YCSB/rocksdb-binding/lib/slf4j-simple-1.7.25.jar:/home/teresa/YCSB/rocksdb-binding/lib/jcip-annotations-1.0.jar site.ycsb.Client -db site.ycsb.db.rocksdb.RocksDBClient -s -P /home/teresa/YCSB/workloads/workloade -p rocksdb.dir=/tmp/tmp.ndBFgGKsPR/ycsb-rocksdb -p recordcount=100000 -p operationcount=100000 -p threadcount=1 -p fieldcount=10 -p fieldlength=100 -p requestdistribution=zipfian -load
Command line: -db site.ycsb.db.rocksdb.RocksDBClient -s -P /home/teresa/YCSB/workloads/workloade -p rocksdb.dir=/tmp/tmp.ndBFgGKsPR/ycsb-rocksdb -p recordcount=100000 -p operationcount=100000 -p threadcount=1 -p fieldcount=10 -p fieldlength=100 -p requestdistribution=zipfian -load
YCSB Client 0.17.0

Loading workload...
Starting test.
[Thread-3] INFO site.ycsb.db.rocksdb.RocksDBClient - RocksDB data dir: /tmp/tmp.ndBFgGKsPR/ycsb-rocksdb
2026-08-31 13:07:01:638 0 sec: 0 operations; est completion in 0 second 
DBWrapper: report latency for each error is false and specific error codes to track for latency are: []
2026-08-31 13:07:02:315 0 sec: 100000 operations; 145772.59 current ops/sec; [CLEANUP: Count=1, Max=1264, Min=1264, Avg=1264, 90=1264, 99=1264, 99.9=1264, 99.99=1264] [INSERT: Count=100000, Max=7719, Min=3, Avg=5.09, 90=6, 99=10, 99.9=154, 99.99=744] 
[OVERALL], RunTime(ms), 690
[OVERALL], Throughput(ops/sec), 144927.53623188406
[TOTAL_GCS_PS_Scavenge], Count, 9
[TOTAL_GC_TIME_PS_Scavenge], Time(ms), 12
[TOTAL_GC_TIME_%_PS_Scavenge], Time(%), 1.7391304347826086
[TOTAL_GCS_PS_MarkSweep], Count, 0
[TOTAL_GC_TIME_PS_MarkSweep], Time(ms), 0
[TOTAL_GC_TIME_%_PS_MarkSweep], Time(%), 0.0
[TOTAL_GCs], Count, 9
[TOTAL_GC_TIME], Time(ms), 12
[TOTAL_GC_TIME_%], Time(%), 1.7391304347826086
[CLEANUP], Operations, 1
[CLEANUP], AverageLatency(us), 1264.0
[CLEANUP], MinLatency(us), 1264
[CLEANUP], MaxLatency(us), 1264
[CLEANUP], 95thPercentileLatency(us), 1264
[CLEANUP], 99thPercentileLatency(us), 1264
[INSERT], Operations, 100000
[INSERT], AverageLatency(us), 5.09223
[INSERT], MinLatency(us), 3
[INSERT], MaxLatency(us), 7719
[INSERT], 95thPercentileLatency(us), 6
[INSERT], 99thPercentileLatency(us), 10
[INSERT], Return=OK, 100000
[imr-lsm ycsb-rocksdb] load process wall time: 800 ms
[imr-lsm ycsb-rocksdb] load DB startup/open time: 154 ms
[imr-lsm ycsb-rocksdb] load post-open operations+cleanup time: 646 ms
[imr-lsm ycsb-rocksdb] load post-open effective throughput: 154798.762 ops/sec (includes cleanup)
[imr-lsm ycsb-rocksdb] load YCSB performance summary:
  runtime                        690 ms
  throughput                     144927.53623188406 ops/sec
  last interval throughput       145772.59 ops/sec
  [INSERT]                       ops=100000 avg=5.09223 us p95=6 us
[imr-lsm ycsb-rocksdb] load final sync time: 2939 ms
[imr-lsm ycsb-rocksdb] load background level compaction drain time: 2 ms
[imr-lsm ycsb-rocksdb] load IMR-LSM counter delta:
  lsm_record_insert_count                       +29100
  read_lookup_count                             +9
  read_tree_hit_count                           +8
  read_tree_miss_count                          +1
  newest_index_size                             41388 (before=12387)
  newest_index_valid                            1 (before=1)
  newest_index_lookup_count                     +679867
  newest_index_hit_count                        +679867
  newest_index_miss_count                       +0
  newest_index_update_fail_count                +0
  newest_index_fallback_count                   +0
  unsorted_hit_count                            +0
  segment_lookup_count                          +2
  segment_skip_count                            +2
  segment_candidate_count                       +0
  segment_hit_count                             +0
  bloom_lookup_count                            +0
  bloom_negative_count                          +0
  bloom_maybe_count                             +0
  block_table_lookup_count                      +0
  block_table_hit_count                         +0
  block_table_miss_count                        +0
  level0_actual_bytes                           16928 (before=3232)
  compaction_count                              +23
  level_compaction_pending                      0 (before=0)
  level_compaction_running                      0 (before=0)
  level_compaction_work_schedule_count          +23
  level_compaction_work_run_count               +24
  level_compaction_work_round_count             +23
  level_compaction_work_requeue_count           +18
  level_compaction_work_error_count             +0
  last_level_compaction_work_error              0 (before=0)
  level_compaction_coalesced_schedule_count     +11340
  level_compaction_no_work_run_count            +1
  level_compaction_score_max                    251095 (before=99978)
  last_level_compaction_evaluated_score         129 (before=24)
  last_level_compaction_schedule_score          1000 (before=1000)
  last_level_compaction_requeue_score           1113 (before=9999)
  compaction_total_ns                           +2832121152
  compaction_max_ns                             927488464 (before=177914834)
  compaction_queue_depth                        0 (before=0)
  compaction_queue_depth_max                    1 (before=1)
  level_compaction_queue_wait_count             +23
  level_compaction_queue_wait_total_ns          +39995596
  level_compaction_queue_wait_max_ns            12734887 (before=6377717)
  last_level_compaction_queue_wait_ns           9522 (before=11211)
  level_compaction_work_time_count              +24
  level_compaction_work_total_ns                +2832395444
  level_compaction_work_max_ns                  927499689 (before=177926950)
  last_level_compaction_work_ns                 608212332 (before=177926950)
  level_compaction_time_count                   +23
  level_compaction_total_ns                     +2832121152
  level_compaction_max_ns                       927488464 (before=177914834)
  last_level_compaction_ns                      608195740 (before=177914834)
  level0_compaction_time_count                  +7
  level0_compaction_total_ns                    +71674104
  level0_compaction_max_ns                      12648365 (before=9306671)
  level1_compaction_time_count                  +0
  level1_compaction_total_ns                    +0
  level1_compaction_max_ns                      0 (before=0)
  level2_compaction_time_count                  +0
  level2_compaction_total_ns                    +0
  level2_compaction_max_ns                      0 (before=0)
  level3_compaction_time_count                  +6
  level3_compaction_total_ns                    +285928053
  level3_compaction_max_ns                      85545981 (before=0)
  level4_compaction_time_count                  +5
  level4_compaction_total_ns                    +237348823
  level4_compaction_max_ns                      81774883 (before=78765755)
  level5_compaction_time_count                  +5
  level5_compaction_total_ns                    +2237170172
  level5_compaction_max_ns                      927488464 (before=177914834)
  level6_compaction_time_count                  +0
  level6_compaction_total_ns                    +0
  level6_compaction_max_ns                      0 (before=0)
  level_compaction_zone_lock_wait_count         +24
  level_compaction_zone_lock_wait_total_ns      +50455
  level_compaction_zone_lock_wait_max_ns        29753 (before=1795)
  level_compaction_lsm_lock_wait_count          +24
  level_compaction_lsm_lock_wait_total_ns       +790
  level_compaction_lsm_lock_wait_max_ns         117 (before=26)
  level_compaction_zone_lock_hold_count         +24
  level_compaction_zone_lock_hold_total_ns      +2832145550
  level_compaction_zone_lock_hold_max_ns        927489383 (before=177916085)
  last_level_compaction_zone_lock_hold_ns       608197070 (before=177916085)
  level_compaction_lsm_lock_hold_count          +24
  level_compaction_lsm_lock_hold_total_ns       +2832141634
  level_compaction_lsm_lock_hold_max_ns         927489304 (before=177916001)
  last_level_compaction_lsm_lock_hold_ns        608196795 (before=177916001)
  level_compaction_post_round_count             +24
  level_compaction_post_round_total_ns          +14456
  level_compaction_post_round_max_ns            1258 (before=839)
  last_level_compaction_post_round_ns           726 (before=839)
  level_compaction_post_recalc_count            +0
  level_compaction_post_recalc_total_ns         +0
  level_compaction_post_recalc_max_ns           0 (before=0)
  last_level_compaction_post_recalc_ns          0 (before=0)
  invalid_recalc_count                          +23
  invalid_recalc_total_ns                       +29749055
  invalid_recalc_max_ns                         1897226 (before=517129)
  last_invalid_recalc_ns                        1610015 (before=517129)
  invalid_recalc_segments_scanned_total         +414
  invalid_recalc_segments_scanned_max           29 (before=6)
  last_invalid_recalc_segments                  29 (before=6)
  invalid_recalc_entries_scanned_total          +679867
  invalid_recalc_entries_scanned_max            40957 (before=12288)
  last_invalid_recalc_entries                   40957 (before=12288)
  level_compaction_input_entries_total          +110586
  level_compaction_input_entries_max            8192 (before=8192)
  last_level_compaction_input_entries           4096 (before=8192)
  level_compaction_output_entries_total         +110583
  level_compaction_output_entries_max           8192 (before=8192)
  last_level_compaction_output_entries          4096 (before=8192)
  foreground_zone_lock_wait_count               +29110
  foreground_zone_lock_wait_total_ns            +2771649865
  foreground_zone_lock_wait_max_ns              1090651783 (before=27704236)
  foreground_lsm_lock_wait_count                +87309
  foreground_lsm_lock_wait_total_ns             +1991578
  foreground_lsm_lock_wait_max_ns               15622 (before=521)
  imr_lsm_lock_wait_count                       +87333
  imr_lsm_lock_wait_total_ns                    +1992368
  imr_lsm_lock_wait_max_ns                      15622 (before=521)
  flush_bio_count                               +0
  incoming_fua_write_count                      +0
  fua_write_count                               +435
  internal_flush_fua_write_count                +435
  internal_flush_fua_write_total_ns             +35459441
  internal_flush_fua_write_max_ns               9044738 (before=261814)
  last_internal_flush_fua_write_ns              27340 (before=93045)
  internal_rmw_fua_write_count                  +0
  partial_io_count                              +1
  partial_read_count                            +1
  partial_rmw_count                             +0
  partial_io_queue_wait_count                   +1
  partial_io_queue_wait_total_ns                +3182
  partial_io_queue_wait_max_ns                  18875 (before=18875)
  partial_io_total_ns                           +699
  partial_io_max_ns                             67986 (before=67986)
  last_partial_io_ns                            699 (before=67986)
  partial_rmw_total_ns                          +0
  partial_rmw_max_ns                            0 (before=0)
  last_partial_rmw_ns                           0 (before=0)
  legacy_rmw_count                              +0
  legacy_rmw_total_ns                           +0
  legacy_rmw_max_ns                             0 (before=0)
  last_legacy_rmw_ns                            0 (before=0)
  metadata_compaction_input_bytes               +3538752
  metadata_compaction_output_bytes              +3538656
  segment_compaction_execute_count              +0
  zone_compaction_count                         +0
  delete_count                                  +0
  discard_delete_count                          +0
  tombstone_hit_count                           +0
  fallback_count                                +0
  segment_output_physical_copy_entry_count      +0
  level0_compaction_input_entries_total         +28672
  level0_compaction_input_entries_max           4096 (before=4096)
  level0_compaction_output_entries_total        +28669
  level0_compaction_output_entries_max          4096 (before=4096)
  level1_compaction_input_entries_total         +0
  level1_compaction_input_entries_max           0 (before=0)
  level1_compaction_output_entries_total        +0
  level1_compaction_output_entries_max          0 (before=0)
  level2_compaction_input_entries_total         +0
  level2_compaction_input_entries_max           0 (before=0)
  level2_compaction_output_entries_total        +0
  level2_compaction_output_entries_max          0 (before=0)
  level3_compaction_input_entries_total         +24576
  level3_compaction_input_entries_max           4096 (before=0)
  level3_compaction_output_entries_total        +24576
  level3_compaction_output_entries_max          4096 (before=0)
  level4_compaction_input_entries_total         +28669
  level4_compaction_input_entries_max           8192 (before=4096)
  level4_compaction_output_entries_total        +28669
  level4_compaction_output_entries_max          8192 (before=4096)
  level5_compaction_input_entries_total         +28669
  level5_compaction_input_entries_max           8192 (before=8192)
  level5_compaction_output_entries_total        +28669
  level5_compaction_output_entries_max          8192 (before=8192)
  level6_compaction_input_entries_total         +0
  level6_compaction_input_entries_max           0 (before=0)
  level6_compaction_output_entries_total        +0
  level6_compaction_output_entries_max          0 (before=0)
/home/teresa/IMRSim/tests/imr_lsm_ycsb_rocksdb_workload_test.sh: line 908: warning: args_ref: circular name reference
/home/teresa/IMRSim/tests/imr_lsm_ycsb_rocksdb_workload_test.sh: line 908: warning: args_ref: circular name reference
/home/teresa/IMRSim/tests/imr_lsm_ycsb_rocksdb_workload_test.sh: line 908: warning: args_ref: circular name reference
/home/teresa/IMRSim/tests/imr_lsm_ycsb_rocksdb_workload_test.sh: line 908: warning: args_ref: circular name reference
/home/teresa/IMRSim/tests/imr_lsm_ycsb_rocksdb_workload_test.sh: line 908: warning: args_ref: circular name reference
/home/teresa/IMRSim/tests/imr_lsm_ycsb_rocksdb_workload_test.sh: line 908: warning: args_ref: circular name reference
[imr-lsm ycsb-rocksdb] ycsb run rocksdb workload=workloade recordcount=100000 operationcount=100000 threads=1
java -cp /home/teresa/YCSB/rocksdb-binding/conf:/home/teresa/YCSB/conf:/home/teresa/YCSB/lib/jackson-mapper-asl-1.9.4.jar:/home/teresa/YCSB/lib/htrace-core4-4.1.0-incubating.jar:/home/teresa/YCSB/lib/jackson-core-asl-1.9.4.jar:/home/teresa/YCSB/lib/HdrHistogram-2.1.4.jar:/home/teresa/YCSB/lib/core-0.17.0.jar:/home/teresa/YCSB/rocksdb-binding/lib/rocksdbjni-5.11.3.jar:/home/teresa/YCSB/rocksdb-binding/lib/slf4j-api-1.7.25.jar:/home/teresa/YCSB/rocksdb-binding/lib/rocksdb-binding-0.17.0.jar:/home/teresa/YCSB/rocksdb-binding/lib/slf4j-simple-1.7.25.jar:/home/teresa/YCSB/rocksdb-binding/lib/jcip-annotations-1.0.jar site.ycsb.Client -db site.ycsb.db.rocksdb.RocksDBClient -s -P /home/teresa/YCSB/workloads/workloade -p rocksdb.dir=/tmp/tmp.ndBFgGKsPR/ycsb-rocksdb -p recordcount=100000 -p operationcount=100000 -p threadcount=1 -p fieldcount=10 -p fieldlength=100 -p requestdistribution=zipfian -t
Command line: -db site.ycsb.db.rocksdb.RocksDBClient -s -P /home/teresa/YCSB/workloads/workloade -p rocksdb.dir=/tmp/tmp.ndBFgGKsPR/ycsb-rocksdb -p recordcount=100000 -p operationcount=100000 -p threadcount=1 -p fieldcount=10 -p fieldlength=100 -p requestdistribution=zipfian -t
YCSB Client 0.17.0

Loading workload...
Starting test.
[Thread-3] INFO site.ycsb.db.rocksdb.RocksDBClient - RocksDB data dir: /tmp/tmp.ndBFgGKsPR/ycsb-rocksdb
2026-08-31 13:07:05:817 0 sec: 0 operations; est completion in 0 second 
DBWrapper: report latency for each error is false and specific error codes to track for latency are: []
2026-08-31 13:07:15:809 10 sec: 23860 operations; 2386 current ops/sec; est completion in 32 seconds [INSERT: Count=1210, Max=537, Min=4, Avg=15.23, 90=23, 99=67, 99.9=342, 99.99=537] [SCAN: Count=22659, Max=13375, Min=2, Avg=81.92, 90=145, 99=199, 99.9=946, 99.99=2659] 
2026-08-31 13:07:21:459 15 sec: 100000 operations; 13473.72 current ops/sec; [CLEANUP: Count=1, Max=1152, Min=1152, Avg=1152, 90=1152, 99=1152, 99.9=1152, 99.99=1152] [INSERT: Count=3842, Max=168, Min=3, Avg=9.77, 90=13, 99=24, 99.9=40, 99.99=168] [SCAN: Count=72289, Max=4287, Min=2, Avg=76.52, 90=139, 99=166, 99.9=217, 99.99=2239] 
[OVERALL], RunTime(ms), 15655
[OVERALL], Throughput(ops/sec), 6387.735547748323
[TOTAL_GCS_PS_Scavenge], Count, 60
[TOTAL_GC_TIME_PS_Scavenge], Time(ms), 80
[TOTAL_GC_TIME_%_PS_Scavenge], Time(%), 0.5110188438198658
[TOTAL_GCS_PS_MarkSweep], Count, 0
[TOTAL_GC_TIME_PS_MarkSweep], Time(ms), 0
[TOTAL_GC_TIME_%_PS_MarkSweep], Time(%), 0.0
[TOTAL_GCs], Count, 60
[TOTAL_GC_TIME], Time(ms), 80
[TOTAL_GC_TIME_%], Time(%), 0.5110188438198658
[CLEANUP], Operations, 1
[CLEANUP], AverageLatency(us), 1152.0
[CLEANUP], MinLatency(us), 1152
[CLEANUP], MaxLatency(us), 1152
[CLEANUP], 95thPercentileLatency(us), 1152
[CLEANUP], 99thPercentileLatency(us), 1152
[INSERT], Operations, 5052
[INSERT], AverageLatency(us), 11.07818685669042
[INSERT], MinLatency(us), 3
[INSERT], MaxLatency(us), 537
[INSERT], 95thPercentileLatency(us), 20
[INSERT], 99thPercentileLatency(us), 36
[INSERT], Return=OK, 5052
[SCAN], Operations, 94948
[SCAN], AverageLatency(us), 77.80699962084509
[SCAN], MinLatency(us), 2
[SCAN], MaxLatency(us), 13375
[SCAN], 95thPercentileLatency(us), 151
[SCAN], 99thPercentileLatency(us), 171
[SCAN], Return=OK, 94948
[imr-lsm ycsb-rocksdb] run process wall time: 15770 ms
[imr-lsm ycsb-rocksdb] run DB startup/open time: 8160 ms
[imr-lsm ycsb-rocksdb] run post-open operations+cleanup time: 7610 ms
[imr-lsm ycsb-rocksdb] run post-open effective throughput: 13140.604 ops/sec (includes cleanup)
[imr-lsm ycsb-rocksdb] run YCSB performance summary:
  runtime                        15655 ms
  throughput                     6387.735547748323 ops/sec
  last interval throughput       13473.72 ops/sec
  [INSERT]                       ops=5052 avg=11.0782 us p95=20 us
  [SCAN]                         ops=94948 avg=77.807 us p95=151 us
[imr-lsm ycsb-rocksdb] run final sync time: 9 ms
[imr-lsm ycsb-rocksdb] run background level compaction drain time: 2 ms
[imr-lsm ycsb-rocksdb] run IMR-LSM counter delta:
  lsm_record_insert_count                       +30359
  read_lookup_count                             +1
  read_tree_hit_count                           +0
  read_tree_miss_count                          +1
  newest_index_size                             71660 (before=41388)
  newest_index_valid                            1 (before=1)
  newest_index_lookup_count                     +1367992
  newest_index_hit_count                        +1367992
  newest_index_miss_count                       +0
  newest_index_update_fail_count                +0
  newest_index_fallback_count                   +0
  unsorted_hit_count                            +0
  segment_lookup_count                          +11
  segment_skip_count                            +7
  segment_candidate_count                       +4
  segment_hit_count                             +1
  bloom_lookup_count                            +4
  bloom_negative_count                          +3
  bloom_maybe_count                             +1
  block_table_lookup_count                      +1
  block_table_hit_count                         +1
  block_table_miss_count                        +0
  level0_actual_bytes                           70912 (before=16928)
  compaction_count                              +24
  level_compaction_pending                      0 (before=0)
  level_compaction_running                      0 (before=0)
  level_compaction_work_schedule_count          +24
  level_compaction_work_run_count               +25
  level_compaction_work_round_count             +24
  level_compaction_work_requeue_count           +18
  level_compaction_work_error_count             +0
  last_level_compaction_work_error              0 (before=0)
  level_compaction_coalesced_schedule_count     +5140
  level_compaction_no_work_run_count            +1
  level_compaction_score_max                    251095 (before=251095)
  last_level_compaction_evaluated_score         541 (before=129)
  last_level_compaction_schedule_score          1000 (before=1000)
  last_level_compaction_requeue_score           1335 (before=1113)
  compaction_total_ns                           +7556189239
  compaction_max_ns                             2448252698 (before=927488464)
  compaction_queue_depth                        0 (before=0)
  compaction_queue_depth_max                    1 (before=1)
  level_compaction_queue_wait_count             +24
  level_compaction_queue_wait_total_ns          +16664063
  level_compaction_queue_wait_max_ns            12734887 (before=12734887)
  last_level_compaction_queue_wait_ns           89921 (before=9522)
  level_compaction_work_time_count              +25
  level_compaction_work_total_ns                +7556472168
  level_compaction_work_max_ns                  2448255834 (before=927499689)
  last_level_compaction_work_ns                 2448255834 (before=608212332)
  level_compaction_time_count                   +24
  level_compaction_total_ns                     +7556189239
  level_compaction_max_ns                       2448252698 (before=927488464)
  last_level_compaction_ns                      2448252698 (before=608195740)
  level0_compaction_time_count                  +7
  level0_compaction_total_ns                    +89096005
  level0_compaction_max_ns                      20886906 (before=12648365)
  level1_compaction_time_count                  +0
  level1_compaction_total_ns                    +0
  level1_compaction_max_ns                      0 (before=0)
  level2_compaction_time_count                  +0
  level2_compaction_total_ns                    +0
  level2_compaction_max_ns                      0 (before=0)
  level3_compaction_time_count                  +7
  level3_compaction_total_ns                    +275593229
  level3_compaction_max_ns                      85545981 (before=85545981)
  level4_compaction_time_count                  +6
  level4_compaction_total_ns                    +297669063
  level4_compaction_max_ns                      81774883 (before=81774883)
  level5_compaction_time_count                  +4
  level5_compaction_total_ns                    +6893830942
  level5_compaction_max_ns                      2448252698 (before=927488464)
  level6_compaction_time_count                  +0
  level6_compaction_total_ns                    +0
  level6_compaction_max_ns                      0 (before=0)
  level_compaction_zone_lock_wait_count         +25
  level_compaction_zone_lock_wait_total_ns      +72788
  level_compaction_zone_lock_wait_max_ns        29753 (before=29753)
  level_compaction_lsm_lock_wait_count          +25
  level_compaction_lsm_lock_wait_total_ns       +758
  level_compaction_lsm_lock_wait_max_ns         117 (before=117)
  level_compaction_zone_lock_hold_count         +25
  level_compaction_zone_lock_hold_total_ns      +7556218633
  level_compaction_zone_lock_hold_max_ns        2448254098 (before=927489383)
  last_level_compaction_zone_lock_hold_ns       2448254098 (before=608197070)
  level_compaction_lsm_lock_hold_count          +25
  level_compaction_lsm_lock_hold_total_ns       +7556214533
  level_compaction_lsm_lock_hold_max_ns         2448253854 (before=927489304)
  last_level_compaction_lsm_lock_hold_ns        2448253854 (before=608196795)
  level_compaction_post_round_count             +25
  level_compaction_post_round_total_ns          +11574
  level_compaction_post_round_max_ns            1258 (before=1258)
  last_level_compaction_post_round_ns           792 (before=726)
  level_compaction_post_recalc_count            +0
  level_compaction_post_recalc_total_ns         +0
  level_compaction_post_recalc_max_ns           0 (before=0)
  last_level_compaction_post_recalc_ns          0 (before=0)
  invalid_recalc_count                          +24
  invalid_recalc_total_ns                       +58974778
  invalid_recalc_max_ns                         3177844 (before=1897226)
  last_invalid_recalc_ns                        2917561 (before=1610015)
  invalid_recalc_segments_scanned_total         +996
  invalid_recalc_segments_scanned_max           53 (before=29)
  last_invalid_recalc_segments                  53 (before=29)
  invalid_recalc_entries_scanned_total          +1367992
  invalid_recalc_entries_scanned_max            69629 (before=40957)
  last_invalid_recalc_entries                   69629 (before=40957)
  level_compaction_input_entries_total          +114688
  level_compaction_input_entries_max            8192 (before=8192)
  last_level_compaction_input_entries           8192 (before=4096)
  level_compaction_output_entries_total         +114688
  level_compaction_output_entries_max           8192 (before=8192)
  last_level_compaction_output_entries          8192 (before=4096)
  foreground_zone_lock_wait_count               +30360
  foreground_zone_lock_wait_total_ns            +7508776864
  foreground_zone_lock_wait_max_ns              2440783449 (before=1090651783)
  foreground_lsm_lock_wait_count                +91078
  foreground_lsm_lock_wait_total_ns             +2042382
  foreground_lsm_lock_wait_max_ns               15622 (before=15622)
  imr_lsm_lock_wait_count                       +91103
  imr_lsm_lock_wait_total_ns                    +2043140
  imr_lsm_lock_wait_max_ns                      15622 (before=15622)
  flush_bio_count                               +0
  incoming_fua_write_count                      +0
  fua_write_count                               +1015
  internal_flush_fua_write_count                +1015
  internal_flush_fua_write_total_ns             +70732202
  internal_flush_fua_write_max_ns               9044738 (before=9044738)
  last_internal_flush_fua_write_ns              46300 (before=27340)
  internal_rmw_fua_write_count                  +0
  partial_io_count                              +0
  partial_read_count                            +0
  partial_rmw_count                             +0
  partial_io_queue_wait_count                   +0
  partial_io_queue_wait_total_ns                +0
  partial_io_queue_wait_max_ns                  18875 (before=18875)
  partial_io_total_ns                           +0
  partial_io_max_ns                             67986 (before=67986)
  last_partial_io_ns                            699 (before=699)
  partial_rmw_total_ns                          +0
  partial_rmw_max_ns                            0 (before=0)
  last_partial_rmw_ns                           0 (before=0)
  legacy_rmw_count                              +0
  legacy_rmw_total_ns                           +0
  legacy_rmw_max_ns                             0 (before=0)
  last_legacy_rmw_ns                            0 (before=0)
  metadata_compaction_input_bytes               +3670016
  metadata_compaction_output_bytes              +3670016
  segment_compaction_execute_count              +0
  zone_compaction_count                         +0
  delete_count                                  +0
  discard_delete_count                          +0
  tombstone_hit_count                           +0
  fallback_count                                +0
  segment_output_physical_copy_entry_count      +0
  level0_compaction_input_entries_total         +28672
  level0_compaction_input_entries_max           4096 (before=4096)
  level0_compaction_output_entries_total        +28672
  level0_compaction_output_entries_max          4096 (before=4096)
  level1_compaction_input_entries_total         +0
  level1_compaction_input_entries_max           0 (before=0)
  level1_compaction_output_entries_total        +0
  level1_compaction_output_entries_max          0 (before=0)
  level2_compaction_input_entries_total         +0
  level2_compaction_input_entries_max           0 (before=0)
  level2_compaction_output_entries_total        +0
  level2_compaction_output_entries_max          0 (before=0)
  level3_compaction_input_entries_total         +28672
  level3_compaction_input_entries_max           4096 (before=4096)
  level3_compaction_output_entries_total        +28672
  level3_compaction_output_entries_max          4096 (before=4096)
  level4_compaction_input_entries_total         +28672
  level4_compaction_input_entries_max           8192 (before=8192)
  level4_compaction_output_entries_total        +28672
  level4_compaction_output_entries_max          8192 (before=8192)
  level5_compaction_input_entries_total         +28672
  level5_compaction_input_entries_max           8192 (before=8192)
  level5_compaction_output_entries_total        +28672
  level5_compaction_output_entries_max          8192 (before=8192)
  level6_compaction_input_entries_total         +0
  level6_compaction_input_entries_max           0 (before=0)
  level6_compaction_output_entries_total        +0
  level6_compaction_output_entries_max          0 (before=0)
[imr-lsm ycsb-rocksdb] PASS: YCSB over RocksDB workload completed
[imr-lsm ycsb-rocksdb] persisted test artifacts to /var/tmp/imr-lsm-ycsb-a-f-100k-rerun1/workloade/run-3/artifacts
