[imr-lsm ycsb-rocksdb] compaction threshold=4096 (original=16)
[imr-lsm ycsb-rocksdb] max bytes for level base=4096 (original=512)
[imr-lsm ycsb-rocksdb] max bytes for level multiplier=10 (original=10)
[imr-lsm ycsb-rocksdb] mkfs.ext4 -b 4096 /dev/mapper/imrsim 262144
[imr-lsm ycsb-rocksdb] mounted /dev/mapper/imrsim at /tmp/tmp.jPQaAwBlxZ
[imr-lsm ycsb-rocksdb] setup background level compaction drain time: 3 ms
/home/teresa/IMRSim/tests/imr_lsm_ycsb_rocksdb_workload_test.sh: line 908: warning: args_ref: circular name reference
/home/teresa/IMRSim/tests/imr_lsm_ycsb_rocksdb_workload_test.sh: line 908: warning: args_ref: circular name reference
/home/teresa/IMRSim/tests/imr_lsm_ycsb_rocksdb_workload_test.sh: line 908: warning: args_ref: circular name reference
/home/teresa/IMRSim/tests/imr_lsm_ycsb_rocksdb_workload_test.sh: line 908: warning: args_ref: circular name reference
/home/teresa/IMRSim/tests/imr_lsm_ycsb_rocksdb_workload_test.sh: line 908: warning: args_ref: circular name reference
/home/teresa/IMRSim/tests/imr_lsm_ycsb_rocksdb_workload_test.sh: line 908: warning: args_ref: circular name reference
[imr-lsm ycsb-rocksdb] ycsb load rocksdb workload=workloada recordcount=100000 operationcount=100000 threads=1
java -cp /home/teresa/YCSB/rocksdb-binding/conf:/home/teresa/YCSB/conf:/home/teresa/YCSB/lib/jackson-mapper-asl-1.9.4.jar:/home/teresa/YCSB/lib/htrace-core4-4.1.0-incubating.jar:/home/teresa/YCSB/lib/jackson-core-asl-1.9.4.jar:/home/teresa/YCSB/lib/HdrHistogram-2.1.4.jar:/home/teresa/YCSB/lib/core-0.17.0.jar:/home/teresa/YCSB/rocksdb-binding/lib/rocksdbjni-5.11.3.jar:/home/teresa/YCSB/rocksdb-binding/lib/slf4j-api-1.7.25.jar:/home/teresa/YCSB/rocksdb-binding/lib/rocksdb-binding-0.17.0.jar:/home/teresa/YCSB/rocksdb-binding/lib/slf4j-simple-1.7.25.jar:/home/teresa/YCSB/rocksdb-binding/lib/jcip-annotations-1.0.jar site.ycsb.Client -db site.ycsb.db.rocksdb.RocksDBClient -s -P /home/teresa/YCSB/workloads/workloada -p rocksdb.dir=/tmp/tmp.jPQaAwBlxZ/ycsb-rocksdb -p recordcount=100000 -p operationcount=100000 -p threadcount=1 -p fieldcount=10 -p fieldlength=100 -p requestdistribution=zipfian -load
Command line: -db site.ycsb.db.rocksdb.RocksDBClient -s -P /home/teresa/YCSB/workloads/workloada -p rocksdb.dir=/tmp/tmp.jPQaAwBlxZ/ycsb-rocksdb -p recordcount=100000 -p operationcount=100000 -p threadcount=1 -p fieldcount=10 -p fieldlength=100 -p requestdistribution=zipfian -load
YCSB Client 0.17.0

Loading workload...
Starting test.
[Thread-3] INFO site.ycsb.db.rocksdb.RocksDBClient - RocksDB data dir: /tmp/tmp.jPQaAwBlxZ/ycsb-rocksdb
2026-08-31 13:02:27:075 0 sec: 0 operations; est completion in 0 second 
DBWrapper: report latency for each error is false and specific error codes to track for latency are: []
2026-08-31 13:02:27:907 0 sec: 100000 operations; 118764.85 current ops/sec; [CLEANUP: Count=1, Max=1352, Min=1352, Avg=1352, 90=1352, 99=1352, 99.9=1352, 99.99=1352] [INSERT: Count=100000, Max=10887, Min=3, Avg=6.37, 90=7, 99=16, 99.9=429, 99.99=1864] 
[OVERALL], RunTime(ms), 847
[OVERALL], Throughput(ops/sec), 118063.75442739078
[TOTAL_GCS_PS_Scavenge], Count, 9
[TOTAL_GC_TIME_PS_Scavenge], Time(ms), 14
[TOTAL_GC_TIME_%_PS_Scavenge], Time(%), 1.6528925619834711
[TOTAL_GCS_PS_MarkSweep], Count, 0
[TOTAL_GC_TIME_PS_MarkSweep], Time(ms), 0
[TOTAL_GC_TIME_%_PS_MarkSweep], Time(%), 0.0
[TOTAL_GCs], Count, 9
[TOTAL_GC_TIME], Time(ms), 14
[TOTAL_GC_TIME_%], Time(%), 1.6528925619834711
[CLEANUP], Operations, 1
[CLEANUP], AverageLatency(us), 1352.0
[CLEANUP], MinLatency(us), 1352
[CLEANUP], MaxLatency(us), 1352
[CLEANUP], 95thPercentileLatency(us), 1352
[CLEANUP], 99thPercentileLatency(us), 1352
[INSERT], Operations, 100000
[INSERT], AverageLatency(us), 6.37262
[INSERT], MinLatency(us), 3
[INSERT], MaxLatency(us), 10887
[INSERT], 95thPercentileLatency(us), 8
[INSERT], 99thPercentileLatency(us), 16
[INSERT], Return=OK, 100000
[imr-lsm ycsb-rocksdb] load process wall time: 976 ms
[imr-lsm ycsb-rocksdb] load DB startup/open time: 173 ms
[imr-lsm ycsb-rocksdb] load post-open operations+cleanup time: 802 ms
[imr-lsm ycsb-rocksdb] load post-open effective throughput: 124688.279 ops/sec (includes cleanup)
[imr-lsm ycsb-rocksdb] load YCSB performance summary:
  runtime                        847 ms
  throughput                     118063.75442739078 ops/sec
  last interval throughput       118764.85 ops/sec
  [INSERT]                       ops=100000 avg=6.37262 us p95=8 us
[imr-lsm ycsb-rocksdb] load final sync time: 3112 ms
[imr-lsm ycsb-rocksdb] load background level compaction drain time: 2 ms
[imr-lsm ycsb-rocksdb] load IMR-LSM counter delta:
  lsm_record_insert_count                       +29100
  read_lookup_count                             +9
  read_tree_hit_count                           +8
  read_tree_miss_count                          +1
  newest_index_size                             41388 (before=12387)
  newest_index_valid                            1 (before=1)
  newest_index_lookup_count                     +749490
  newest_index_hit_count                        +749490
  newest_index_miss_count                       +0
  newest_index_update_fail_count                +0
  newest_index_fallback_count                   +0
  unsorted_hit_count                            +0
  segment_lookup_count                          +2
  segment_skip_count                            +2
  segment_candidate_count                       +0
  segment_hit_count                             +0
  bloom_lookup_count                            +0
  bloom_negative_count                          +0
  bloom_maybe_count                             +0
  block_table_lookup_count                      +0
  block_table_hit_count                         +0
  block_table_miss_count                        +0
  level0_actual_bytes                           16928 (before=3232)
  compaction_count                              +26
  level_compaction_pending                      0 (before=0)
  level_compaction_running                      0 (before=0)
  level_compaction_work_schedule_count          +26
  level_compaction_work_run_count               +28
  level_compaction_work_round_count             +26
  level_compaction_work_requeue_count           +20
  level_compaction_work_error_count             +0
  last_level_compaction_work_error              0 (before=0)
  level_compaction_coalesced_schedule_count     +8234
  level_compaction_no_work_run_count            +2
  level_compaction_score_max                    251095 (before=99978)
  last_level_compaction_evaluated_score         129 (before=24)
  last_level_compaction_schedule_score          1000 (before=1000)
  last_level_compaction_requeue_score           2506 (before=9999)
  compaction_total_ns                           +2995042550
  compaction_max_ns                             1155852220 (before=155108363)
  compaction_queue_depth                        0 (before=0)
  compaction_queue_depth_max                    1 (before=1)
  level_compaction_queue_wait_count             +26
  level_compaction_queue_wait_total_ns          +30433537
  level_compaction_queue_wait_max_ns            14464795 (before=5202312)
  last_level_compaction_queue_wait_ns           1495 (before=9060)
  level_compaction_work_time_count              +28
  level_compaction_work_total_ns                +2995311305
  level_compaction_work_max_ns                  1155867321 (before=155122921)
  last_level_compaction_work_ns                 684 (before=155122921)
  level_compaction_time_count                   +26
  level_compaction_total_ns                     +2995042550
  level_compaction_max_ns                       1155852220 (before=155108363)
  last_level_compaction_ns                      1155852220 (before=155108363)
  level0_compaction_time_count                  +7
  level0_compaction_total_ns                    +74063905
  level0_compaction_max_ns                      14568125 (before=8539659)
  level1_compaction_time_count                  +0
  level1_compaction_total_ns                    +0
  level1_compaction_max_ns                      0 (before=0)
  level2_compaction_time_count                  +0
  level2_compaction_total_ns                    +0
  level2_compaction_max_ns                      0 (before=0)
  level3_compaction_time_count                  +6
  level3_compaction_total_ns                    +195852998
  level3_compaction_max_ns                      64135869 (before=0)
  level4_compaction_time_count                  +7
  level4_compaction_total_ns                    +307121310
  level4_compaction_max_ns                      72621480 (before=72621480)
  level5_compaction_time_count                  +6
  level5_compaction_total_ns                    +2418004337
  level5_compaction_max_ns                      1155852220 (before=155108363)
  level6_compaction_time_count                  +0
  level6_compaction_total_ns                    +0
  level6_compaction_max_ns                      0 (before=0)
  level_compaction_zone_lock_wait_count         +28
  level_compaction_zone_lock_wait_total_ns      +48566
  level_compaction_zone_lock_wait_max_ns        22203 (before=2035)
  level_compaction_lsm_lock_wait_count          +28
  level_compaction_lsm_lock_wait_total_ns       +790
  level_compaction_lsm_lock_wait_max_ns         54 (before=23)
  level_compaction_zone_lock_hold_count         +28
  level_compaction_zone_lock_hold_total_ns      +2995072182
  level_compaction_zone_lock_hold_max_ns        1155853732 (before=155109222)
  last_level_compaction_zone_lock_hold_ns       426 (before=155109222)
  level_compaction_lsm_lock_hold_count          +28
  level_compaction_lsm_lock_hold_total_ns       +2995067712
  level_compaction_lsm_lock_hold_max_ns         1155853430 (before=155109123)
  last_level_compaction_lsm_lock_hold_ns        339 (before=155109123)
  level_compaction_post_round_count             +28
  level_compaction_post_round_total_ns          +17634
  level_compaction_post_round_max_ns            1419 (before=546)
  last_level_compaction_post_round_ns           62 (before=500)
  level_compaction_post_recalc_count            +0
  level_compaction_post_recalc_total_ns         +0
  level_compaction_post_recalc_max_ns           0 (before=0)
  last_level_compaction_post_recalc_ns          0 (before=0)
  invalid_recalc_count                          +26
  invalid_recalc_total_ns                       +31671924
  invalid_recalc_max_ns                         1737758 (before=490680)
  last_invalid_recalc_ns                        1631010 (before=490680)
  invalid_recalc_segments_scanned_total         +507
  invalid_recalc_segments_scanned_max           32 (before=6)
  last_invalid_recalc_segments                  32 (before=6)
  invalid_recalc_entries_scanned_total          +749490
  invalid_recalc_entries_scanned_max            40957 (before=12288)
  last_invalid_recalc_entries                   40957 (before=12288)
  level_compaction_input_entries_total          +110586
  level_compaction_input_entries_max            8192 (before=8192)
  last_level_compaction_input_entries           8192 (before=8192)
  level_compaction_output_entries_total         +110583
  level_compaction_output_entries_max           8192 (before=8192)
  last_level_compaction_output_entries          8192 (before=8192)
  foreground_zone_lock_wait_count               +29110
  foreground_zone_lock_wait_total_ns            +2947071283
  foreground_zone_lock_wait_max_ns              1155896854 (before=8739113)
  foreground_lsm_lock_wait_count                +87309
  foreground_lsm_lock_wait_total_ns             +2629636
  foreground_lsm_lock_wait_max_ns               672969 (before=7361)
  imr_lsm_lock_wait_count                       +87337
  imr_lsm_lock_wait_total_ns                    +2630426
  imr_lsm_lock_wait_max_ns                      672969 (before=7361)
  flush_bio_count                               +0
  incoming_fua_write_count                      +0
  fua_write_count                               +652
  internal_flush_fua_write_count                +652
  internal_flush_fua_write_total_ns             +51420229
  internal_flush_fua_write_max_ns               7260287 (before=262436)
  last_internal_flush_fua_write_ns              84516 (before=187423)
  internal_rmw_fua_write_count                  +0
  partial_io_count                              +1
  partial_read_count                            +1
  partial_rmw_count                             +0
  partial_io_queue_wait_count                   +1
  partial_io_queue_wait_total_ns                +3132
  partial_io_queue_wait_max_ns                  4052 (before=4052)
  partial_io_total_ns                           +686
  partial_io_max_ns                             134402 (before=134402)
  last_partial_io_ns                            686 (before=134402)
  partial_rmw_total_ns                          +0
  partial_rmw_max_ns                            0 (before=0)
  last_partial_rmw_ns                           0 (before=0)
  legacy_rmw_count                              +0
  legacy_rmw_total_ns                           +0
  legacy_rmw_max_ns                             0 (before=0)
  last_legacy_rmw_ns                            0 (before=0)
  metadata_compaction_input_bytes               +3538752
  metadata_compaction_output_bytes              +3538656
  segment_compaction_execute_count              +0
  zone_compaction_count                         +0
  delete_count                                  +0
  discard_delete_count                          +0
  tombstone_hit_count                           +0
  fallback_count                                +0
  segment_output_physical_copy_entry_count      +0
  level0_compaction_input_entries_total         +28672
  level0_compaction_input_entries_max           4096 (before=4096)
  level0_compaction_output_entries_total        +28669
  level0_compaction_output_entries_max          4096 (before=4096)
  level1_compaction_input_entries_total         +0
  level1_compaction_input_entries_max           0 (before=0)
  level1_compaction_output_entries_total        +0
  level1_compaction_output_entries_max          0 (before=0)
  level2_compaction_input_entries_total         +0
  level2_compaction_input_entries_max           0 (before=0)
  level2_compaction_output_entries_total        +0
  level2_compaction_output_entries_max          0 (before=0)
  level3_compaction_input_entries_total         +24576
  level3_compaction_input_entries_max           4096 (before=0)
  level3_compaction_output_entries_total        +24576
  level3_compaction_output_entries_max          4096 (before=0)
  level4_compaction_input_entries_total         +28669
  level4_compaction_input_entries_max           4096 (before=4096)
  level4_compaction_output_entries_total        +28669
  level4_compaction_output_entries_max          4096 (before=4096)
  level5_compaction_input_entries_total         +28669
  level5_compaction_input_entries_max           8192 (before=8192)
  level5_compaction_output_entries_total        +28669
  level5_compaction_output_entries_max          8192 (before=8192)
  level6_compaction_input_entries_total         +0
  level6_compaction_input_entries_max           0 (before=0)
  level6_compaction_output_entries_total        +0
  level6_compaction_output_entries_max          0 (before=0)
/home/teresa/IMRSim/tests/imr_lsm_ycsb_rocksdb_workload_test.sh: line 908: warning: args_ref: circular name reference
/home/teresa/IMRSim/tests/imr_lsm_ycsb_rocksdb_workload_test.sh: line 908: warning: args_ref: circular name reference
/home/teresa/IMRSim/tests/imr_lsm_ycsb_rocksdb_workload_test.sh: line 908: warning: args_ref: circular name reference
/home/teresa/IMRSim/tests/imr_lsm_ycsb_rocksdb_workload_test.sh: line 908: warning: args_ref: circular name reference
/home/teresa/IMRSim/tests/imr_lsm_ycsb_rocksdb_workload_test.sh: line 908: warning: args_ref: circular name reference
/home/teresa/IMRSim/tests/imr_lsm_ycsb_rocksdb_workload_test.sh: line 908: warning: args_ref: circular name reference
[imr-lsm ycsb-rocksdb] ycsb run rocksdb workload=workloada recordcount=100000 operationcount=100000 threads=1
java -cp /home/teresa/YCSB/rocksdb-binding/conf:/home/teresa/YCSB/conf:/home/teresa/YCSB/lib/jackson-mapper-asl-1.9.4.jar:/home/teresa/YCSB/lib/htrace-core4-4.1.0-incubating.jar:/home/teresa/YCSB/lib/jackson-core-asl-1.9.4.jar:/home/teresa/YCSB/lib/HdrHistogram-2.1.4.jar:/home/teresa/YCSB/lib/core-0.17.0.jar:/home/teresa/YCSB/rocksdb-binding/lib/rocksdbjni-5.11.3.jar:/home/teresa/YCSB/rocksdb-binding/lib/slf4j-api-1.7.25.jar:/home/teresa/YCSB/rocksdb-binding/lib/rocksdb-binding-0.17.0.jar:/home/teresa/YCSB/rocksdb-binding/lib/slf4j-simple-1.7.25.jar:/home/teresa/YCSB/rocksdb-binding/lib/jcip-annotations-1.0.jar site.ycsb.Client -db site.ycsb.db.rocksdb.RocksDBClient -s -P /home/teresa/YCSB/workloads/workloada -p rocksdb.dir=/tmp/tmp.jPQaAwBlxZ/ycsb-rocksdb -p recordcount=100000 -p operationcount=100000 -p threadcount=1 -p fieldcount=10 -p fieldlength=100 -p requestdistribution=zipfian -t
Command line: -db site.ycsb.db.rocksdb.RocksDBClient -s -P /home/teresa/YCSB/workloads/workloada -p rocksdb.dir=/tmp/tmp.jPQaAwBlxZ/ycsb-rocksdb -p recordcount=100000 -p operationcount=100000 -p threadcount=1 -p fieldcount=10 -p fieldlength=100 -p requestdistribution=zipfian -t
YCSB Client 0.17.0

Loading workload...
Starting test.
[Thread-3] INFO site.ycsb.db.rocksdb.RocksDBClient - RocksDB data dir: /tmp/tmp.jPQaAwBlxZ/ycsb-rocksdb
2026-08-31 13:02:31:576 0 sec: 0 operations; est completion in 0 second 
DBWrapper: report latency for each error is false and specific error codes to track for latency are: []
2026-08-31 13:02:40:479 8 sec: 100000 operations; 11214.53 current ops/sec; [READ: Count=49801, Max=8735, Min=0, Avg=5.07, 90=8, 99=11, 99.9=44, 99.99=559] [CLEANUP: Count=1, Max=1301, Min=1301, Avg=1301, 90=1301, 99=1301, 99.9=1301, 99.99=1301] [UPDATE: Count=50199, Max=9543, Min=4, Avg=10.28, 90=12, 99=25, 99.9=182, 99.99=1772] 
[OVERALL], RunTime(ms), 8924
[OVERALL], Throughput(ops/sec), 11205.737337516808
[TOTAL_GCS_PS_Scavenge], Count, 11
[TOTAL_GC_TIME_PS_Scavenge], Time(ms), 10
[TOTAL_GC_TIME_%_PS_Scavenge], Time(%), 0.11205737337516809
[TOTAL_GCS_PS_MarkSweep], Count, 0
[TOTAL_GC_TIME_PS_MarkSweep], Time(ms), 0
[TOTAL_GC_TIME_%_PS_MarkSweep], Time(%), 0.0
[TOTAL_GCs], Count, 11
[TOTAL_GC_TIME], Time(ms), 10
[TOTAL_GC_TIME_%], Time(%), 0.11205737337516809
[READ], Operations, 49801
[READ], AverageLatency(us), 5.072448344410755
[READ], MinLatency(us), 0
[READ], MaxLatency(us), 8735
[READ], 95thPercentileLatency(us), 8
[READ], 99thPercentileLatency(us), 11
[READ], Return=OK, 49801
[CLEANUP], Operations, 1
[CLEANUP], AverageLatency(us), 1301.0
[CLEANUP], MinLatency(us), 1301
[CLEANUP], MaxLatency(us), 1301
[CLEANUP], 95thPercentileLatency(us), 1301
[CLEANUP], 99thPercentileLatency(us), 1301
[UPDATE], Operations, 50199
[UPDATE], AverageLatency(us), 10.2832725751509
[UPDATE], MinLatency(us), 4
[UPDATE], MaxLatency(us), 9543
[UPDATE], 95thPercentileLatency(us), 13
[UPDATE], 99thPercentileLatency(us), 25
[UPDATE], Return=OK, 50199
[imr-lsm ycsb-rocksdb] run process wall time: 9037 ms
[imr-lsm ycsb-rocksdb] run DB startup/open time: 8102 ms
[imr-lsm ycsb-rocksdb] run post-open operations+cleanup time: 934 ms
[imr-lsm ycsb-rocksdb] run post-open effective throughput: 107066.381 ops/sec (includes cleanup)
[imr-lsm ycsb-rocksdb] run YCSB performance summary:
  runtime                        8924 ms
  throughput                     11205.737337516808 ops/sec
  last interval throughput       11214.53 ops/sec
  [READ]                         ops=49801 avg=5.07245 us p95=8 us
  [UPDATE]                       ops=50199 avg=10.2833 us p95=13 us
[imr-lsm ycsb-rocksdb] run final sync time: 3021 ms
[imr-lsm ycsb-rocksdb] run background level compaction drain time: 2 ms
[imr-lsm ycsb-rocksdb] run IMR-LSM counter delta:
  lsm_record_insert_count                       +43435
  read_lookup_count                             +1
  read_tree_hit_count                           +0
  read_tree_miss_count                          +1
  newest_index_size                             84745 (before=41388)
  newest_index_valid                            1 (before=1)
  newest_index_lookup_count                     +2211715
  newest_index_hit_count                        +2211715
  newest_index_miss_count                       +0
  newest_index_update_fail_count                +0
  newest_index_fallback_count                   +0
  unsorted_hit_count                            +0
  segment_lookup_count                          +12
  segment_skip_count                            +8
  segment_candidate_count                       +4
  segment_hit_count                             +1
  bloom_lookup_count                            +4
  bloom_negative_count                          +3
  bloom_maybe_count                             +1
  block_table_lookup_count                      +1
  block_table_hit_count                         +1
  block_table_miss_count                        +0
  level0_actual_bytes                           96128 (before=16928)
  compaction_count                              +35
  level_compaction_pending                      0 (before=0)
  level_compaction_running                      0 (before=0)
  level_compaction_work_schedule_count          +35
  level_compaction_work_run_count               +36
  level_compaction_work_round_count             +35
  level_compaction_work_requeue_count           +25
  level_compaction_work_error_count             +0
  last_level_compaction_work_error              0 (before=0)
  level_compaction_coalesced_schedule_count     +3005
  level_compaction_no_work_run_count            +1
  level_compaction_score_max                    251095 (before=251095)
  last_level_compaction_evaluated_score         733 (before=129)
  last_level_compaction_schedule_score          1000 (before=1000)
  last_level_compaction_requeue_score           5273 (before=2506)
  compaction_total_ns                           +10462982581
  compaction_max_ns                             2711994381 (before=1155852220)
  compaction_queue_depth                        0 (before=0)
  compaction_queue_depth_max                    1 (before=1)
  level_compaction_queue_wait_count             +35
  level_compaction_queue_wait_total_ns          +11355064
  level_compaction_queue_wait_max_ns            14464795 (before=14464795)
  last_level_compaction_queue_wait_ns           4837660 (before=1495)
  level_compaction_work_time_count              +36
  level_compaction_work_total_ns                +10463352289
  level_compaction_work_max_ns                  2712008298 (before=1155867321)
  last_level_compaction_work_ns                 23090814 (before=684)
  level_compaction_time_count                   +35
  level_compaction_total_ns                     +10462982581
  level_compaction_max_ns                       2711994381 (before=1155852220)
  last_level_compaction_ns                      23081565 (before=1155852220)
  level0_compaction_time_count                  +10
  level0_compaction_total_ns                    +122687424
  level0_compaction_max_ns                      15521833 (before=14568125)
  level1_compaction_time_count                  +0
  level1_compaction_total_ns                    +0
  level1_compaction_max_ns                      0 (before=0)
  level2_compaction_time_count                  +0
  level2_compaction_total_ns                    +0
  level2_compaction_max_ns                      0 (before=0)
  level3_compaction_time_count                  +10
  level3_compaction_total_ns                    +323418135
  level3_compaction_max_ns                      64135869 (before=64135869)
  level4_compaction_time_count                  +10
  level4_compaction_total_ns                    +404833244
  level4_compaction_max_ns                      72621480 (before=72621480)
  level5_compaction_time_count                  +5
  level5_compaction_total_ns                    +9612043778
  level5_compaction_max_ns                      2711994381 (before=1155852220)
  level6_compaction_time_count                  +0
  level6_compaction_total_ns                    +0
  level6_compaction_max_ns                      0 (before=0)
  level_compaction_zone_lock_wait_count         +36
  level_compaction_zone_lock_wait_total_ns      +58030
  level_compaction_zone_lock_wait_max_ns        22203 (before=22203)
  level_compaction_lsm_lock_wait_count          +36
  level_compaction_lsm_lock_wait_total_ns       +1168
  level_compaction_lsm_lock_wait_max_ns         62 (before=54)
  level_compaction_zone_lock_hold_count         +36
  level_compaction_zone_lock_hold_total_ns      +10463012949
  level_compaction_zone_lock_hold_max_ns        2711995609 (before=1155853732)
  last_level_compaction_zone_lock_hold_ns       23082277 (before=426)
  level_compaction_lsm_lock_hold_count          +36
  level_compaction_lsm_lock_hold_total_ns       +10463007129
  level_compaction_lsm_lock_hold_max_ns         2711995418 (before=1155853430)
  last_level_compaction_lsm_lock_hold_ns        23082180 (before=339)
  level_compaction_post_round_count             +36
  level_compaction_post_round_total_ns          +16533
  level_compaction_post_round_max_ns            1419 (before=1419)
  last_level_compaction_post_round_ns           391 (before=62)
  level_compaction_post_recalc_count            +0
  level_compaction_post_recalc_total_ns         +0
  level_compaction_post_recalc_max_ns           0 (before=0)
  last_level_compaction_post_recalc_ns          0 (before=0)
  invalid_recalc_count                          +35
  invalid_recalc_total_ns                       +100114542
  invalid_recalc_max_ns                         6653564 (before=1737758)
  last_invalid_recalc_ns                        3546920 (before=1631010)
  invalid_recalc_segments_scanned_total         +1750
  invalid_recalc_segments_scanned_max           67 (before=32)
  last_invalid_recalc_segments                  67 (before=32)
  invalid_recalc_entries_scanned_total          +2211715
  invalid_recalc_entries_scanned_max            81915 (before=40957)
  last_invalid_recalc_entries                   81915 (before=40957)
  level_compaction_input_entries_total          +159738
  level_compaction_input_entries_max            8192 (before=8192)
  last_level_compaction_input_entries           4096 (before=8192)
  level_compaction_output_entries_total         +159736
  level_compaction_output_entries_max           8192 (before=8192)
  last_level_compaction_output_entries          4096 (before=8192)
  foreground_zone_lock_wait_count               +43436
  foreground_zone_lock_wait_total_ns            +10424783418
  foreground_zone_lock_wait_max_ns              2823737159 (before=1155896854)
  foreground_lsm_lock_wait_count                +130306
  foreground_lsm_lock_wait_total_ns             +2985553
  foreground_lsm_lock_wait_max_ns               672969 (before=672969)
  imr_lsm_lock_wait_count                       +130342
  imr_lsm_lock_wait_total_ns                    +2986721
  imr_lsm_lock_wait_max_ns                      672969 (before=672969)
  flush_bio_count                               +0
  incoming_fua_write_count                      +0
  fua_write_count                               +798
  internal_flush_fua_write_count                +798
  internal_flush_fua_write_total_ns             +58665539
  internal_flush_fua_write_max_ns               8073440 (before=7260287)
  last_internal_flush_fua_write_ns              35266 (before=84516)
  internal_rmw_fua_write_count                  +0
  partial_io_count                              +0
  partial_read_count                            +0
  partial_rmw_count                             +0
  partial_io_queue_wait_count                   +0
  partial_io_queue_wait_total_ns                +0
  partial_io_queue_wait_max_ns                  4052 (before=4052)
  partial_io_total_ns                           +0
  partial_io_max_ns                             134402 (before=134402)
  last_partial_io_ns                            686 (before=686)
  partial_rmw_total_ns                          +0
  partial_rmw_max_ns                            0 (before=0)
  last_partial_rmw_ns                           0 (before=0)
  legacy_rmw_count                              +0
  legacy_rmw_total_ns                           +0
  legacy_rmw_max_ns                             0 (before=0)
  last_legacy_rmw_ns                            0 (before=0)
  metadata_compaction_input_bytes               +5111616
  metadata_compaction_output_bytes              +5111552
  segment_compaction_execute_count              +0
  zone_compaction_count                         +0
  delete_count                                  +0
  discard_delete_count                          +0
  tombstone_hit_count                           +0
  fallback_count                                +0
  segment_output_physical_copy_entry_count      +0
  level0_compaction_input_entries_total         +40960
  level0_compaction_input_entries_max           4096 (before=4096)
  level0_compaction_output_entries_total        +40958
  level0_compaction_output_entries_max          4096 (before=4096)
  level1_compaction_input_entries_total         +0
  level1_compaction_input_entries_max           0 (before=0)
  level1_compaction_output_entries_total        +0
  level1_compaction_output_entries_max          0 (before=0)
  level2_compaction_input_entries_total         +0
  level2_compaction_input_entries_max           0 (before=0)
  level2_compaction_output_entries_total        +0
  level2_compaction_output_entries_max          0 (before=0)
  level3_compaction_input_entries_total         +40958
  level3_compaction_input_entries_max           4096 (before=4096)
  level3_compaction_output_entries_total        +40958
  level3_compaction_output_entries_max          4096 (before=4096)
  level4_compaction_input_entries_total         +40958
  level4_compaction_input_entries_max           4096 (before=4096)
  level4_compaction_output_entries_total        +40958
  level4_compaction_output_entries_max          4096 (before=4096)
  level5_compaction_input_entries_total         +36862
  level5_compaction_input_entries_max           8192 (before=8192)
  level5_compaction_output_entries_total        +36862
  level5_compaction_output_entries_max          8192 (before=8192)
  level6_compaction_input_entries_total         +0
  level6_compaction_input_entries_max           0 (before=0)
  level6_compaction_output_entries_total        +0
  level6_compaction_output_entries_max          0 (before=0)
[imr-lsm ycsb-rocksdb] PASS: YCSB over RocksDB workload completed
[imr-lsm ycsb-rocksdb] persisted test artifacts to /var/tmp/imr-lsm-ycsb-a-f-100k-rerun1/workloada/run-1/artifacts
