[imr-lsm ycsb-rocksdb] compaction threshold=4096 (original=16)
[imr-lsm ycsb-rocksdb] max bytes for level base=4096 (original=512)
[imr-lsm ycsb-rocksdb] max bytes for level multiplier=10 (original=10)
[imr-lsm ycsb-rocksdb] mkfs.ext4 -b 4096 /dev/mapper/imrsim 262144
[imr-lsm ycsb-rocksdb] mounted /dev/mapper/imrsim at /tmp/tmp.0qH05EYRHB
[imr-lsm ycsb-rocksdb] setup background level compaction drain time: 3 ms
/home/teresa/IMRSim/tests/imr_lsm_ycsb_rocksdb_workload_test.sh: line 908: warning: args_ref: circular name reference
/home/teresa/IMRSim/tests/imr_lsm_ycsb_rocksdb_workload_test.sh: line 908: warning: args_ref: circular name reference
/home/teresa/IMRSim/tests/imr_lsm_ycsb_rocksdb_workload_test.sh: line 908: warning: args_ref: circular name reference
/home/teresa/IMRSim/tests/imr_lsm_ycsb_rocksdb_workload_test.sh: line 908: warning: args_ref: circular name reference
/home/teresa/IMRSim/tests/imr_lsm_ycsb_rocksdb_workload_test.sh: line 908: warning: args_ref: circular name reference
/home/teresa/IMRSim/tests/imr_lsm_ycsb_rocksdb_workload_test.sh: line 908: warning: args_ref: circular name reference
[imr-lsm ycsb-rocksdb] ycsb load rocksdb workload=workloadb recordcount=100000 operationcount=100000 threads=1
java -cp /home/teresa/YCSB/rocksdb-binding/conf:/home/teresa/YCSB/conf:/home/teresa/YCSB/lib/jackson-mapper-asl-1.9.4.jar:/home/teresa/YCSB/lib/htrace-core4-4.1.0-incubating.jar:/home/teresa/YCSB/lib/jackson-core-asl-1.9.4.jar:/home/teresa/YCSB/lib/HdrHistogram-2.1.4.jar:/home/teresa/YCSB/lib/core-0.17.0.jar:/home/teresa/YCSB/rocksdb-binding/lib/rocksdbjni-5.11.3.jar:/home/teresa/YCSB/rocksdb-binding/lib/slf4j-api-1.7.25.jar:/home/teresa/YCSB/rocksdb-binding/lib/rocksdb-binding-0.17.0.jar:/home/teresa/YCSB/rocksdb-binding/lib/slf4j-simple-1.7.25.jar:/home/teresa/YCSB/rocksdb-binding/lib/jcip-annotations-1.0.jar site.ycsb.Client -db site.ycsb.db.rocksdb.RocksDBClient -s -P /home/teresa/YCSB/workloads/workloadb -p rocksdb.dir=/tmp/tmp.0qH05EYRHB/ycsb-rocksdb -p recordcount=100000 -p operationcount=100000 -p threadcount=1 -p fieldcount=10 -p fieldlength=100 -p requestdistribution=zipfian -load
Command line: -db site.ycsb.db.rocksdb.RocksDBClient -s -P /home/teresa/YCSB/workloads/workloadb -p rocksdb.dir=/tmp/tmp.0qH05EYRHB/ycsb-rocksdb -p recordcount=100000 -p operationcount=100000 -p threadcount=1 -p fieldcount=10 -p fieldlength=100 -p requestdistribution=zipfian -load
YCSB Client 0.17.0

Loading workload...
Starting test.
[Thread-3] INFO site.ycsb.db.rocksdb.RocksDBClient - RocksDB data dir: /tmp/tmp.0qH05EYRHB/ycsb-rocksdb
2026-08-31 13:04:34:056 0 sec: 0 operations; est completion in 0 second 
DBWrapper: report latency for each error is false and specific error codes to track for latency are: []
2026-08-31 13:04:34:785 0 sec: 100000 operations; 135685.21 current ops/sec; [CLEANUP: Count=1, Max=1217, Min=1217, Avg=1217, 90=1217, 99=1217, 99.9=1217, 99.99=1217] [INSERT: Count=100000, Max=12311, Min=3, Avg=5.37, 90=6, 99=13, 99.9=160, 99.99=1075] 
[OVERALL], RunTime(ms), 739
[OVERALL], Throughput(ops/sec), 135317.99729364004
[TOTAL_GCS_PS_Scavenge], Count, 9
[TOTAL_GC_TIME_PS_Scavenge], Time(ms), 12
[TOTAL_GC_TIME_%_PS_Scavenge], Time(%), 1.6238159675236805
[TOTAL_GCS_PS_MarkSweep], Count, 0
[TOTAL_GC_TIME_PS_MarkSweep], Time(ms), 0
[TOTAL_GC_TIME_%_PS_MarkSweep], Time(%), 0.0
[TOTAL_GCs], Count, 9
[TOTAL_GC_TIME], Time(ms), 12
[TOTAL_GC_TIME_%], Time(%), 1.6238159675236805
[CLEANUP], Operations, 1
[CLEANUP], AverageLatency(us), 1217.0
[CLEANUP], MinLatency(us), 1217
[CLEANUP], MaxLatency(us), 1217
[CLEANUP], 95thPercentileLatency(us), 1217
[CLEANUP], 99thPercentileLatency(us), 1217
[INSERT], Operations, 100000
[INSERT], AverageLatency(us), 5.37472
[INSERT], MinLatency(us), 3
[INSERT], MaxLatency(us), 12311
[INSERT], 95thPercentileLatency(us), 6
[INSERT], 99thPercentileLatency(us), 13
[INSERT], Return=OK, 100000
[imr-lsm ycsb-rocksdb] load process wall time: 889 ms
[imr-lsm ycsb-rocksdb] load DB startup/open time: 190 ms
[imr-lsm ycsb-rocksdb] load post-open operations+cleanup time: 698 ms
[imr-lsm ycsb-rocksdb] load post-open effective throughput: 143266.476 ops/sec (includes cleanup)
[imr-lsm ycsb-rocksdb] load YCSB performance summary:
  runtime                        739 ms
  throughput                     135317.99729364004 ops/sec
  last interval throughput       135685.21 ops/sec
  [INSERT]                       ops=100000 avg=5.37472 us p95=6 us
[imr-lsm ycsb-rocksdb] load final sync time: 2548 ms
[imr-lsm ycsb-rocksdb] load background level compaction drain time: 2 ms
[imr-lsm ycsb-rocksdb] load IMR-LSM counter delta:
  lsm_record_insert_count                       +29100
  read_lookup_count                             +9
  read_tree_hit_count                           +8
  read_tree_miss_count                          +1
  newest_index_size                             41388 (before=12387)
  newest_index_valid                            1 (before=1)
  newest_index_lookup_count                     +659368
  newest_index_hit_count                        +659368
  newest_index_miss_count                       +0
  newest_index_update_fail_count                +0
  newest_index_fallback_count                   +0
  unsorted_hit_count                            +0
  segment_lookup_count                          +3
  segment_skip_count                            +3
  segment_candidate_count                       +0
  segment_hit_count                             +0
  bloom_lookup_count                            +0
  bloom_negative_count                          +0
  bloom_maybe_count                             +0
  block_table_lookup_count                      +0
  block_table_hit_count                         +0
  block_table_miss_count                        +0
  level0_actual_bytes                           16928 (before=3232)
  compaction_count                              +22
  level_compaction_pending                      0 (before=0)
  level_compaction_running                      0 (before=0)
  level_compaction_work_schedule_count          +22
  level_compaction_work_run_count               +25
  level_compaction_work_round_count             +22
  level_compaction_work_requeue_count           +18
  level_compaction_work_error_count             +0
  last_level_compaction_work_error              0 (before=0)
  level_compaction_coalesced_schedule_count     +21264
  level_compaction_no_work_run_count            +3
  level_compaction_score_max                    200722 (before=99978)
  last_level_compaction_evaluated_score         129 (before=24)
  last_level_compaction_schedule_score          1000 (before=1000)
  last_level_compaction_requeue_score           1113 (before=4999)
  compaction_total_ns                           +2435120704
  compaction_max_ns                             1115894591 (before=322089993)
  compaction_queue_depth                        0 (before=0)
  compaction_queue_depth_max                    1 (before=1)
  level_compaction_queue_wait_count             +22
  level_compaction_queue_wait_total_ns          +66476573
  level_compaction_queue_wait_max_ns            14270996 (before=241335)
  last_level_compaction_queue_wait_ns           1196 (before=241335)
  level_compaction_work_time_count              +25
  level_compaction_work_total_ns                +2440901709
  level_compaction_work_max_ns                  1115912336 (before=322097636)
  last_level_compaction_work_ns                 644 (before=322097636)
  level_compaction_time_count                   +22
  level_compaction_total_ns                     +2435120704
  level_compaction_max_ns                       1115894591 (before=322089993)
  last_level_compaction_ns                      450786153 (before=322089993)
  level0_compaction_time_count                  +7
  level0_compaction_total_ns                    +83610726
  level0_compaction_max_ns                      14698667 (before=8833847)
  level1_compaction_time_count                  +0
  level1_compaction_total_ns                    +0
  level1_compaction_max_ns                      0 (before=0)
  level2_compaction_time_count                  +0
  level2_compaction_total_ns                    +0
  level2_compaction_max_ns                      0 (before=0)
  level3_compaction_time_count                  +5
  level3_compaction_total_ns                    +180049419
  level3_compaction_max_ns                      62405291 (before=0)
  level4_compaction_time_count                  +6
  level4_compaction_total_ns                    +301121184
  level4_compaction_max_ns                      100133550 (before=61969111)
  level5_compaction_time_count                  +4
  level5_compaction_total_ns                    +1870339375
  level5_compaction_max_ns                      1115894591 (before=322089993)
  level6_compaction_time_count                  +0
  level6_compaction_total_ns                    +0
  level6_compaction_max_ns                      0 (before=0)
  level_compaction_zone_lock_wait_count         +25
  level_compaction_zone_lock_wait_total_ns      +5659259
  level_compaction_zone_lock_wait_max_ns        5613383 (before=4172)
  level_compaction_lsm_lock_wait_count          +25
  level_compaction_lsm_lock_wait_total_ns       +808
  level_compaction_lsm_lock_wait_max_ns         56 (before=54)
  level_compaction_zone_lock_hold_count         +25
  level_compaction_zone_lock_hold_total_ns      +2435142915
  level_compaction_zone_lock_hold_max_ns        1115896062 (before=322091529)
  last_level_compaction_zone_lock_hold_ns       513 (before=322091529)
  level_compaction_lsm_lock_hold_count          +25
  level_compaction_lsm_lock_hold_total_ns       +2435138745
  level_compaction_lsm_lock_hold_max_ns         1115895744 (before=322091447)
  last_level_compaction_lsm_lock_hold_ns        418 (before=322091447)
  level_compaction_post_round_count             +25
  level_compaction_post_round_total_ns          +11819
  level_compaction_post_round_max_ns            1005 (before=1005)
  last_level_compaction_post_round_ns           81 (before=1005)
  level_compaction_post_recalc_count            +0
  level_compaction_post_recalc_total_ns         +0
  level_compaction_post_recalc_max_ns           0 (before=0)
  last_level_compaction_post_recalc_ns          0 (before=0)
  invalid_recalc_count                          +22
  invalid_recalc_total_ns                       +28753016
  invalid_recalc_max_ns                         1792177 (before=650085)
  last_invalid_recalc_ns                        1792177 (before=650085)
  invalid_recalc_segments_scanned_total         +407
  invalid_recalc_segments_scanned_max           29 (before=7)
  last_invalid_recalc_segments                  29 (before=7)
  invalid_recalc_entries_scanned_total          +659368
  invalid_recalc_entries_scanned_max            40956 (before=12288)
  last_invalid_recalc_entries                   40956 (before=12288)
  level_compaction_input_entries_total          +106488
  level_compaction_input_entries_max            12288 (before=4096)
  last_level_compaction_input_entries           4096 (before=4096)
  level_compaction_output_entries_total         +106484
  level_compaction_output_entries_max           12288 (before=4096)
  last_level_compaction_output_entries          4096 (before=4096)
  foreground_zone_lock_wait_count               +29110
  foreground_zone_lock_wait_total_ns            +2378041491
  foreground_zone_lock_wait_max_ns              1216120860 (before=321934693)
  foreground_lsm_lock_wait_count                +87309
  foreground_lsm_lock_wait_total_ns             +1989981
  foreground_lsm_lock_wait_max_ns               19509 (before=19509)
  imr_lsm_lock_wait_count                       +87334
  imr_lsm_lock_wait_total_ns                    +1990789
  imr_lsm_lock_wait_max_ns                      19509 (before=19509)
  flush_bio_count                               +0
  incoming_fua_write_count                      +0
  fua_write_count                               +507
  internal_flush_fua_write_count                +507
  internal_flush_fua_write_total_ns             +27484212
  internal_flush_fua_write_max_ns               1750274 (before=1484657)
  last_internal_flush_fua_write_ns              43996 (before=205814)
  internal_rmw_fua_write_count                  +0
  partial_io_count                              +1
  partial_read_count                            +1
  partial_rmw_count                             +0
  partial_io_queue_wait_count                   +1
  partial_io_queue_wait_total_ns                +2531
  partial_io_queue_wait_max_ns                  4376 (before=4376)
  partial_io_total_ns                           +625
  partial_io_max_ns                             42617 (before=42617)
  last_partial_io_ns                            625 (before=42617)
  partial_rmw_total_ns                          +0
  partial_rmw_max_ns                            0 (before=0)
  last_partial_rmw_ns                           0 (before=0)
  legacy_rmw_count                              +0
  legacy_rmw_total_ns                           +0
  legacy_rmw_max_ns                             0 (before=0)
  last_legacy_rmw_ns                            0 (before=0)
  metadata_compaction_input_bytes               +3407616
  metadata_compaction_output_bytes              +3407488
  segment_compaction_execute_count              +0
  zone_compaction_count                         +0
  delete_count                                  +0
  discard_delete_count                          +0
  tombstone_hit_count                           +0
  fallback_count                                +0
  segment_output_physical_copy_entry_count      +0
  level0_compaction_input_entries_total         +28672
  level0_compaction_input_entries_max           4096 (before=4096)
  level0_compaction_output_entries_total        +28668
  level0_compaction_output_entries_max          4096 (before=4096)
  level1_compaction_input_entries_total         +0
  level1_compaction_input_entries_max           0 (before=0)
  level1_compaction_output_entries_total        +0
  level1_compaction_output_entries_max          0 (before=0)
  level2_compaction_input_entries_total         +0
  level2_compaction_input_entries_max           0 (before=0)
  level2_compaction_output_entries_total        +0
  level2_compaction_output_entries_max          0 (before=0)
  level3_compaction_input_entries_total         +20480
  level3_compaction_input_entries_max           4096 (before=0)
  level3_compaction_output_entries_total        +20480
  level3_compaction_output_entries_max          4096 (before=0)
  level4_compaction_input_entries_total         +28668
  level4_compaction_input_entries_max           8192 (before=4096)
  level4_compaction_output_entries_total        +28668
  level4_compaction_output_entries_max          8192 (before=4096)
  level5_compaction_input_entries_total         +28668
  level5_compaction_input_entries_max           12288 (before=4096)
  level5_compaction_output_entries_total        +28668
  level5_compaction_output_entries_max          12288 (before=4096)
  level6_compaction_input_entries_total         +0
  level6_compaction_input_entries_max           0 (before=0)
  level6_compaction_output_entries_total        +0
  level6_compaction_output_entries_max          0 (before=0)
/home/teresa/IMRSim/tests/imr_lsm_ycsb_rocksdb_workload_test.sh: line 908: warning: args_ref: circular name reference
/home/teresa/IMRSim/tests/imr_lsm_ycsb_rocksdb_workload_test.sh: line 908: warning: args_ref: circular name reference
/home/teresa/IMRSim/tests/imr_lsm_ycsb_rocksdb_workload_test.sh: line 908: warning: args_ref: circular name reference
/home/teresa/IMRSim/tests/imr_lsm_ycsb_rocksdb_workload_test.sh: line 908: warning: args_ref: circular name reference
/home/teresa/IMRSim/tests/imr_lsm_ycsb_rocksdb_workload_test.sh: line 908: warning: args_ref: circular name reference
/home/teresa/IMRSim/tests/imr_lsm_ycsb_rocksdb_workload_test.sh: line 908: warning: args_ref: circular name reference
[imr-lsm ycsb-rocksdb] ycsb run rocksdb workload=workloadb recordcount=100000 operationcount=100000 threads=1
java -cp /home/teresa/YCSB/rocksdb-binding/conf:/home/teresa/YCSB/conf:/home/teresa/YCSB/lib/jackson-mapper-asl-1.9.4.jar:/home/teresa/YCSB/lib/htrace-core4-4.1.0-incubating.jar:/home/teresa/YCSB/lib/jackson-core-asl-1.9.4.jar:/home/teresa/YCSB/lib/HdrHistogram-2.1.4.jar:/home/teresa/YCSB/lib/core-0.17.0.jar:/home/teresa/YCSB/rocksdb-binding/lib/rocksdbjni-5.11.3.jar:/home/teresa/YCSB/rocksdb-binding/lib/slf4j-api-1.7.25.jar:/home/teresa/YCSB/rocksdb-binding/lib/rocksdb-binding-0.17.0.jar:/home/teresa/YCSB/rocksdb-binding/lib/slf4j-simple-1.7.25.jar:/home/teresa/YCSB/rocksdb-binding/lib/jcip-annotations-1.0.jar site.ycsb.Client -db site.ycsb.db.rocksdb.RocksDBClient -s -P /home/teresa/YCSB/workloads/workloadb -p rocksdb.dir=/tmp/tmp.0qH05EYRHB/ycsb-rocksdb -p recordcount=100000 -p operationcount=100000 -p threadcount=1 -p fieldcount=10 -p fieldlength=100 -p requestdistribution=zipfian -t
Command line: -db site.ycsb.db.rocksdb.RocksDBClient -s -P /home/teresa/YCSB/workloads/workloadb -p rocksdb.dir=/tmp/tmp.0qH05EYRHB/ycsb-rocksdb -p recordcount=100000 -p operationcount=100000 -p threadcount=1 -p fieldcount=10 -p fieldlength=100 -p requestdistribution=zipfian -t
YCSB Client 0.17.0

Loading workload...
Starting test.
[Thread-3] INFO site.ycsb.db.rocksdb.RocksDBClient - RocksDB data dir: /tmp/tmp.0qH05EYRHB/ycsb-rocksdb
2026-08-31 13:04:37:883 0 sec: 0 operations; est completion in 0 second 
DBWrapper: report latency for each error is false and specific error codes to track for latency are: []
2026-08-31 13:04:46:308 8 sec: 100000 operations; 11855.36 current ops/sec; [READ: Count=95060, Max=2917, Min=0, Avg=4.94, 90=7, 99=16, 99.9=37, 99.99=428] [CLEANUP: Count=1, Max=1175, Min=1175, Avg=1175, 90=1175, 99=1175, 99.9=1175, 99.99=1175] [UPDATE: Count=4940, Max=4959, Min=4, Avg=13.83, 90=16, 99=40, 99.9=254, 99.99=4959] 
[OVERALL], RunTime(ms), 8438
[OVERALL], Throughput(ops/sec), 11851.149561507465
[TOTAL_GCS_PS_Scavenge], Count, 8
[TOTAL_GC_TIME_PS_Scavenge], Time(ms), 15
[TOTAL_GC_TIME_%_PS_Scavenge], Time(%), 0.177767243422612
[TOTAL_GCS_PS_MarkSweep], Count, 0
[TOTAL_GC_TIME_PS_MarkSweep], Time(ms), 0
[TOTAL_GC_TIME_%_PS_MarkSweep], Time(%), 0.0
[TOTAL_GCs], Count, 8
[TOTAL_GC_TIME], Time(ms), 15
[TOTAL_GC_TIME_%], Time(%), 0.177767243422612
[READ], Operations, 95060
[READ], AverageLatency(us), 4.942005049442457
[READ], MinLatency(us), 0
[READ], MaxLatency(us), 2917
[READ], 95thPercentileLatency(us), 7
[READ], 99thPercentileLatency(us), 16
[READ], Return=OK, 95060
[CLEANUP], Operations, 1
[CLEANUP], AverageLatency(us), 1175.0
[CLEANUP], MinLatency(us), 1175
[CLEANUP], MaxLatency(us), 1175
[CLEANUP], 95thPercentileLatency(us), 1175
[CLEANUP], 99thPercentileLatency(us), 1175
[UPDATE], Operations, 4940
[UPDATE], AverageLatency(us), 13.825101214574898
[UPDATE], MinLatency(us), 4
[UPDATE], MaxLatency(us), 4959
[UPDATE], 95thPercentileLatency(us), 21
[UPDATE], 99thPercentileLatency(us), 40
[UPDATE], Return=OK, 4940
[imr-lsm ycsb-rocksdb] run process wall time: 8547 ms
[imr-lsm ycsb-rocksdb] run DB startup/open time: 7879 ms
[imr-lsm ycsb-rocksdb] run post-open operations+cleanup time: 668 ms
[imr-lsm ycsb-rocksdb] run post-open effective throughput: 149700.599 ops/sec (includes cleanup)
[imr-lsm ycsb-rocksdb] run YCSB performance summary:
  runtime                        8438 ms
  throughput                     11851.149561507465 ops/sec
  last interval throughput       11855.36 ops/sec
  [READ]                         ops=95060 avg=4.94201 us p95=7 us
  [UPDATE]                       ops=4940 avg=13.8251 us p95=21 us
[imr-lsm ycsb-rocksdb] run final sync time: 9 ms
[imr-lsm ycsb-rocksdb] run background level compaction drain time: 2 ms
[imr-lsm ycsb-rocksdb] run IMR-LSM counter delta:
  lsm_record_insert_count                       +30312
  read_lookup_count                             +1
  read_tree_hit_count                           +0
  read_tree_miss_count                          +1
  newest_index_size                             71628 (before=41388)
  newest_index_valid                            1 (before=1)
  newest_index_lookup_count                     +1154992
  newest_index_hit_count                        +1154992
  newest_index_miss_count                       +0
  newest_index_update_fail_count                +0
  newest_index_fallback_count                   +0
  unsorted_hit_count                            +0
  segment_lookup_count                          +10
  segment_skip_count                            +7
  segment_candidate_count                       +3
  segment_hit_count                             +1
  bloom_lookup_count                            +3
  bloom_negative_count                          +1
  bloom_maybe_count                             +2
  block_table_lookup_count                      +2
  block_table_hit_count                         +1
  block_table_miss_count                        +1
  level0_actual_bytes                           69408 (before=16928)
  compaction_count                              +20
  level_compaction_pending                      0 (before=0)
  level_compaction_running                      0 (before=0)
  level_compaction_work_schedule_count          +20
  level_compaction_work_run_count               +20
  level_compaction_work_round_count             +20
  level_compaction_work_requeue_count           +17
  level_compaction_work_error_count             +0
  last_level_compaction_work_error              0 (before=0)
  level_compaction_coalesced_schedule_count     +17612
  level_compaction_no_work_run_count            +0
  level_compaction_score_max                    200722 (before=200722)
  last_level_compaction_evaluated_score         529 (before=129)
  last_level_compaction_schedule_score          1000 (before=1000)
  last_level_compaction_requeue_score           2147 (before=1113)
  compaction_total_ns                           +7287763919
  compaction_max_ns                             3033804625 (before=1115894591)
  compaction_queue_depth                        0 (before=0)
  compaction_queue_depth_max                    1 (before=1)
  level_compaction_queue_wait_count             +20
  level_compaction_queue_wait_total_ns          +53347233
  level_compaction_queue_wait_max_ns            14270996 (before=14270996)
  last_level_compaction_queue_wait_ns           97212 (before=1196)
  level_compaction_work_time_count              +20
  level_compaction_work_total_ns                +7287978132
  level_compaction_work_max_ns                  3033808054 (before=1115912336)
  last_level_compaction_work_ns                 3033808054 (before=644)
  level_compaction_time_count                   +20
  level_compaction_total_ns                     +7287763919
  level_compaction_max_ns                       3033804625 (before=1115894591)
  last_level_compaction_ns                      3033804625 (before=450786153)
  level0_compaction_time_count                  +7
  level0_compaction_total_ns                    +135664957
  level0_compaction_max_ns                      67350532 (before=14698667)
  level1_compaction_time_count                  +0
  level1_compaction_total_ns                    +0
  level1_compaction_max_ns                      0 (before=0)
  level2_compaction_time_count                  +0
  level2_compaction_total_ns                    +0
  level2_compaction_max_ns                      0 (before=0)
  level3_compaction_time_count                  +6
  level3_compaction_total_ns                    +335676946
  level3_compaction_max_ns                      153872040 (before=62405291)
  level4_compaction_time_count                  +4
  level4_compaction_total_ns                    +668630948
  level4_compaction_max_ns                      424192481 (before=100133550)
  level5_compaction_time_count                  +3
  level5_compaction_total_ns                    +6147791068
  level5_compaction_max_ns                      3033804625 (before=1115894591)
  level6_compaction_time_count                  +0
  level6_compaction_total_ns                    +0
  level6_compaction_max_ns                      0 (before=0)
  level_compaction_zone_lock_wait_count         +20
  level_compaction_zone_lock_wait_total_ns      +65610
  level_compaction_zone_lock_wait_max_ns        5613383 (before=5613383)
  level_compaction_lsm_lock_wait_count          +20
  level_compaction_lsm_lock_wait_total_ns       +556
  level_compaction_lsm_lock_wait_max_ns         56 (before=56)
  level_compaction_zone_lock_hold_count         +20
  level_compaction_zone_lock_hold_total_ns      +7287782090
  level_compaction_zone_lock_hold_max_ns        3033806074 (before=1115896062)
  last_level_compaction_zone_lock_hold_ns       3033806074 (before=513)
  level_compaction_lsm_lock_hold_count          +20
  level_compaction_lsm_lock_hold_total_ns       +7287779142
  level_compaction_lsm_lock_hold_max_ns         3033805861 (before=1115895744)
  last_level_compaction_lsm_lock_hold_ns        3033805861 (before=418)
  level_compaction_post_round_count             +20
  level_compaction_post_round_total_ns          +10125
  level_compaction_post_round_max_ns            1005 (before=1005)
  last_level_compaction_post_round_ns           713 (before=81)
  level_compaction_post_recalc_count            +0
  level_compaction_post_recalc_total_ns         +0
  level_compaction_post_recalc_max_ns           0 (before=0)
  last_level_compaction_post_recalc_ns          0 (before=0)
  invalid_recalc_count                          +20
  invalid_recalc_total_ns                       +50075485
  invalid_recalc_max_ns                         3231777 (before=1792177)
  last_invalid_recalc_ns                        2968594 (before=1792177)
  invalid_recalc_segments_scanned_total         +790
  invalid_recalc_segments_scanned_max           49 (before=29)
  last_invalid_recalc_segments                  49 (before=29)
  invalid_recalc_entries_scanned_total          +1154992
  invalid_recalc_entries_scanned_max            69628 (before=40956)
  last_invalid_recalc_entries                   69628 (before=40956)
  level_compaction_input_entries_total          +114688
  level_compaction_input_entries_max            12288 (before=12288)
  last_level_compaction_input_entries           12288 (before=4096)
  level_compaction_output_entries_total         +114688
  level_compaction_output_entries_max           12288 (before=12288)
  last_level_compaction_output_entries          12288 (before=4096)
  foreground_zone_lock_wait_count               +30313
  foreground_zone_lock_wait_total_ns            +7256076752
  foreground_zone_lock_wait_max_ns              3033462523 (before=1216120860)
  foreground_lsm_lock_wait_count                +90937
  foreground_lsm_lock_wait_total_ns             +2012235
  foreground_lsm_lock_wait_max_ns               19509 (before=19509)
  imr_lsm_lock_wait_count                       +90957
  imr_lsm_lock_wait_total_ns                    +2012791
  imr_lsm_lock_wait_max_ns                      19509 (before=19509)
  flush_bio_count                               +0
  incoming_fua_write_count                      +0
  fua_write_count                               +652
  internal_flush_fua_write_count                +652
  internal_flush_fua_write_total_ns             +55810101
  internal_flush_fua_write_max_ns               11241664 (before=1750274)
  last_internal_flush_fua_write_ns              39262 (before=43996)
  internal_rmw_fua_write_count                  +0
  partial_io_count                              +0
  partial_read_count                            +0
  partial_rmw_count                             +0
  partial_io_queue_wait_count                   +0
  partial_io_queue_wait_total_ns                +0
  partial_io_queue_wait_max_ns                  4376 (before=4376)
  partial_io_total_ns                           +0
  partial_io_max_ns                             42617 (before=42617)
  last_partial_io_ns                            625 (before=625)
  partial_rmw_total_ns                          +0
  partial_rmw_max_ns                            0 (before=0)
  last_partial_rmw_ns                           0 (before=0)
  legacy_rmw_count                              +0
  legacy_rmw_total_ns                           +0
  legacy_rmw_max_ns                             0 (before=0)
  last_legacy_rmw_ns                            0 (before=0)
  metadata_compaction_input_bytes               +3670016
  metadata_compaction_output_bytes              +3670016
  segment_compaction_execute_count              +0
  zone_compaction_count                         +0
  delete_count                                  +0
  discard_delete_count                          +0
  tombstone_hit_count                           +0
  fallback_count                                +0
  segment_output_physical_copy_entry_count      +0
  level0_compaction_input_entries_total         +28672
  level0_compaction_input_entries_max           4096 (before=4096)
  level0_compaction_output_entries_total        +28672
  level0_compaction_output_entries_max          4096 (before=4096)
  level1_compaction_input_entries_total         +0
  level1_compaction_input_entries_max           0 (before=0)
  level1_compaction_output_entries_total        +0
  level1_compaction_output_entries_max          0 (before=0)
  level2_compaction_input_entries_total         +0
  level2_compaction_input_entries_max           0 (before=0)
  level2_compaction_output_entries_total        +0
  level2_compaction_output_entries_max          0 (before=0)
  level3_compaction_input_entries_total         +28672
  level3_compaction_input_entries_max           8192 (before=4096)
  level3_compaction_output_entries_total        +28672
  level3_compaction_output_entries_max          8192 (before=4096)
  level4_compaction_input_entries_total         +28672
  level4_compaction_input_entries_max           12288 (before=8192)
  level4_compaction_output_entries_total        +28672
  level4_compaction_output_entries_max          12288 (before=8192)
  level5_compaction_input_entries_total         +28672
  level5_compaction_input_entries_max           12288 (before=12288)
  level5_compaction_output_entries_total        +28672
  level5_compaction_output_entries_max          12288 (before=12288)
  level6_compaction_input_entries_total         +0
  level6_compaction_input_entries_max           0 (before=0)
  level6_compaction_output_entries_total        +0
  level6_compaction_output_entries_max          0 (before=0)
[imr-lsm ycsb-rocksdb] PASS: YCSB over RocksDB workload completed
[imr-lsm ycsb-rocksdb] persisted test artifacts to /var/tmp/imr-lsm-ycsb-a-f-100k-rerun1/workloadb/run-2/artifacts
